Archive member included to satisfy reference by file (symbol)

c:/program files/microchip/xc8/v2.36/avr/bin/../lib/gcc/avr/5.4.0/../../../../avr/lib/avr5/memx-const\libm.a(cmpsf2.o)
                              APP/APP.o (__ltsf2)
c:/program files/microchip/xc8/v2.36/avr/bin/../lib/gcc/avr/5.4.0/../../../../avr/lib/avr5/memx-const\libm.a(fixunssfsi.o)
                              HAL/IO/LM35_TMP_Sensor/LM35_TMP_Sensor_Interface.o (__fixunssfsi)
c:/program files/microchip/xc8/v2.36/avr/bin/../lib/gcc/avr/5.4.0/../../../../avr/lib/avr5/memx-const\libm.a(floatsisf.o)
                              APP/APP.o (__floatunsisf)
c:/program files/microchip/xc8/v2.36/avr/bin/../lib/gcc/avr/5.4.0/../../../../avr/lib/avr5/memx-const\libm.a(fp_cmp.o)
                              c:/program files/microchip/xc8/v2.36/avr/bin/../lib/gcc/avr/5.4.0/../../../../avr/lib/avr5/memx-const\libm.a(cmpsf2.o) (__fp_cmp)
c:/program files/microchip/xc8/v2.36/avr/bin/../lib/gcc/avr/5.4.0/../../../../avr/lib/avr5/memx-const\libm.a(fp_split3.o)
                              c:/program files/microchip/xc8/v2.36/avr/bin/../lib/gcc/avr/5.4.0/../../../../avr/lib/avr5/memx-const\libm.a(fixunssfsi.o) (__fp_splitA)
c:/program files/microchip/xc8/v2.36/avr/bin/../lib/gcc/avr/5.4.0/../../../../avr/lib/avr5/memx-const\libm.a(fp_zero.o)
                              c:/program files/microchip/xc8/v2.36/avr/bin/../lib/gcc/avr/5.4.0/../../../../avr/lib/avr5/memx-const\libm.a(fixunssfsi.o) (__fp_zero)
c:/program files/microchip/xc8/v2.36/avr/bin/../lib/gcc/avr/5.4.0/../../../../avr/lib/avr5/memx-const\libm.a(gesf2.o)
                              APP/APP.o (__gesf2)
c:/program files/microchip/xc8/v2.36/avr/bin/../lib/gcc/avr/5.4.0/../../../../avr/lib/avr5/memx-const\libm.a(mulsf3.o)
                              HAL/IO/LM35_TMP_Sensor/LM35_TMP_Sensor_Interface.o (__mulsf3)
c:/program files/microchip/xc8/v2.36/avr/bin/../lib/gcc/avr/5.4.0/../../../../avr/lib/avr5/memx-const\libm.a(mulsf3x.o)
                              c:/program files/microchip/xc8/v2.36/avr/bin/../lib/gcc/avr/5.4.0/../../../../avr/lib/avr5/memx-const\libm.a(mulsf3.o) (__mulsf3x)
c:/program files/microchip/xc8/v2.36/avr/bin/../lib/gcc/avr/5.4.0/../../../../avr/lib/avr5/memx-const\libm.a(fp_inf.o)
                              c:/program files/microchip/xc8/v2.36/avr/bin/../lib/gcc/avr/5.4.0/../../../../avr/lib/avr5/memx-const\libm.a(mulsf3x.o) (__fp_inf)
c:/program files/microchip/xc8/v2.36/avr/bin/../lib/gcc/avr/5.4.0/../../../../avr/lib/avr5/memx-const\libm.a(fp_nan.o)
                              c:/program files/microchip/xc8/v2.36/avr/bin/../lib/gcc/avr/5.4.0/../../../../avr/lib/avr5/memx-const\libm.a(mulsf3x.o) (__fp_nan)
c:/program files/microchip/xc8/v2.36/avr/bin/../lib/gcc/avr/5.4.0/../../../../avr/lib/avr5/memx-const\libm.a(fp_pscA.o)
                              c:/program files/microchip/xc8/v2.36/avr/bin/../lib/gcc/avr/5.4.0/../../../../avr/lib/avr5/memx-const\libm.a(mulsf3x.o) (__fp_pscA)
c:/program files/microchip/xc8/v2.36/avr/bin/../lib/gcc/avr/5.4.0/../../../../avr/lib/avr5/memx-const\libm.a(fp_pscB.o)
                              c:/program files/microchip/xc8/v2.36/avr/bin/../lib/gcc/avr/5.4.0/../../../../avr/lib/avr5/memx-const\libm.a(mulsf3x.o) (__fp_pscB)
c:/program files/microchip/xc8/v2.36/avr/bin/../lib/gcc/avr/5.4.0/../../../../avr/lib/avr5/memx-const\libm.a(fp_round.o)
                              c:/program files/microchip/xc8/v2.36/avr/bin/../lib/gcc/avr/5.4.0/../../../../avr/lib/avr5/memx-const\libm.a(mulsf3.o) (__fp_round)
c:/program files/microchip/xc8/v2.36/avr/bin/../lib/gcc/avr/5.4.0/avr5/memx-const\libgcc.a(_divmodhi4.o)
                              MCAL/Timer0/Timer0_Interface.o (__divmodhi4)
c:/program files/microchip/xc8/v2.36/avr/bin/../lib/gcc/avr/5.4.0/avr5/memx-const\libgcc.a(_udivmodsi4.o)
                              MCAL/Timer0/Timer0_Interface.o (__udivmodsi4)
c:/program files/microchip/xc8/v2.36/avr/bin/../lib/gcc/avr/5.4.0/avr5/memx-const\libgcc.a(_divmodsi4.o)
                              MCAL/UART/UART_Interface.o (__divmodsi4)
c:/program files/microchip/xc8/v2.36/avr/bin/../lib/gcc/avr/5.4.0/avr5/memx-const\libgcc.a(_negsi2.o)
                              c:/program files/microchip/xc8/v2.36/avr/bin/../lib/gcc/avr/5.4.0/avr5/memx-const\libgcc.a(_divmodsi4.o) (__negsi2)
c:/program files/microchip/xc8/v2.36/avr/bin/../lib/gcc/avr/5.4.0/avr5/memx-const\libgcc.a(_tablejump2.o)
                              MCAL/ADC/ADC_Interface.o (__tablejump2__)
c:/program files/microchip/xc8/v2.36/avr/bin/../lib/gcc/avr/5.4.0/avr5/memx-const\libgcc.a(_copy_data.o)
                              APP/APP.o (__do_copy_data)
c:/program files/microchip/xc8/v2.36/avr/bin/../lib/gcc/avr/5.4.0/avr5/memx-const\libgcc.a(_udivdi3.o)
                              HAL/IO/LCD/LCD.o (__umoddi3)
c:/program files/microchip/xc8/v2.36/avr/bin/../lib/gcc/avr/5.4.0/avr5/memx-const\libgcc.a(_udivmod64.o)
[...]
Memory Configuration

Name             Origin             Length             Attributes
text             0x0000000000000000 0x0000000000008000 xr
data             0x0000000000800060 0x0000000000000800 rw !x
eeprom           0x0000000000810000 0x0000000000000400 rw !x
fuse             0x0000000000820000 0x0000000000000002 rw !x
lock             0x0000000000830000 0x0000000000000400 rw !x
signature        0x0000000000840000 0x0000000000000400 rw !x
user_signatures  0x0000000000850000 0x0000000000000400 rw !x
*default*        0x0000000000000000 0xffffffffffffffff

Linker script and memory map

LOAD C:/Program Files (x86)/Atmel/Studio/7.0/Packs/atmel/ATmega_DFP/1.7.374/xc8/avr/lib/avr5/memx-const/crtatmega32.o
LOAD APP/APP.o
LOAD HAL/EEPROM/EEPROM_Interface.o
LOAD HAL/IO/LCD/LCD.o
LOAD HAL/IO/LED/LED1/LED1_Interface.o
LOAD HAL/IO/LED/LED2/LED2_Interface.o
LOAD HAL/IO/LED/LED3/LED3_Interface.o
LOAD HAL/IO/LED/LED4/LED4_Interface.o
LOAD HAL/IO/LED/LED5/LED5_Interface.o
LOAD HAL/IO/LM35_TMP_Sensor/LM35_TMP_Sensor_Interface.o
LOAD HAL/IO/Motors/DC/DC_Interface.o
LOAD HAL/IO/Motors/SERVO/Servo_Interface.o
LOAD main.o
LOAD MCAL/ADC/ADC_Interface.o
LOAD MCAL/DIO/DIO_Interface.o
LOAD MCAL/INTERRUPT/Interrupts_Interface.o
LOAD MCAL/Timer0/Timer0_Interface.o
LOAD MCAL/TWI/TWI.o
LOAD MCAL/UART/UART_Interface.o
START GROUP
LOAD c:/program files/microchip/xc8/v2.36/avr/bin/../lib/gcc/avr/5.4.0/../../../../avr/lib/avr5/memx-const\libm.a
END GROUP
START GROUP
LOAD c:/program files/microchip/xc8/v2.36/avr/bin/../lib/gcc/avr/5.4.0/avr5/memx-const\libgcc.a
LOAD c:/program files/microchip/xc8/v2.36/avr/bin/../lib/gcc/avr/5.4.0/../../../../avr/lib/avr5/memx-const\libm.a
LOAD c:/program files/microchip/xc8/v2.36/avr/bin/../lib/gcc/avr/5.4.0/../../../../avr/lib/avr5/memx-const\libc.a
LOAD C:/Program Files (x86)/Atmel/Studio/7.0/Packs/atmel/ATmega_DFP/1.7.374/xc8/avr/lib/avr5/memx-const\libatmega32.a
END GROUP
                0x0000000000000000                __TEXT_REGION_ORIGIN__ = DEFINED (__TEXT_REGION_ORIGIN__)?__TEXT_REGION_ORIGIN__:0x0
                [0x0000000000800060]                __DATA_REGION_ORIGIN__ = DEFINED (__DATA_REGION_ORIGIN__)?__DATA_REGION_ORIGIN__:0x800060
                [0x0000000000008000]                __TEXT_REGION_LENGTH__ = DEFINED (__TEXT_REGION_LENGTH__)?__TEXT_REGION_LENGTH__:0x20000
                [0x0000000000000800]                __DATA_REGION_LENGTH__ = DEFINED (__DATA_REGION_LENGTH__)?__DATA_REGION_LENGTH__:0xffa0
                [0x0000000000000400]                __EEPROM_REGION_LENGTH__ = DEFINED (__EEPROM_REGION_LENGTH__)?__EEPROM_REGION_LENGTH__:0x10000
                [0x0000000000000002]                __FUSE_REGION_LENGTH__ = DEFINED (__FUSE_REGION_LENGTH__)?__FUSE_REGION_LENGTH__:0x400
                0x0000000000000400                __LOCK_REGION_LENGTH__ = DEFINED (__LOCK_REGION_LENGTH__)?__LOCK_REGION_LENGTH__:0x400
                0x0000000000000400                __SIGNATURE_REGION_LENGTH__ = DEFINED (__SIGNATURE_REGION_LENGTH__)?__SIGNATURE_REGION_LENGTH__:0x400
                0x0000000000000400                __USER_SIGNATURE_REGION_LENGTH__ = DEFINED (__USER_SIGNATURE_REGION_LENGTH__)?__USER_SIGNATURE_REGION_LENGTH__:0x400

.hash
 *(.hash)

.dynsym
 *(.dynsym)

.dynstr
 *(.dynstr)

.gnu.version
 *(.gnu.version)

.gnu.version_d
 *(.gnu.version_d)

.gnu.version_r
 *(.gnu.version_r)

.rel.init
 *(.rel.init)

.rela.init
 *(.rela.init)

.rel.text
 *(.rel.text)
 *(.rel.text.*)
 *(.rel.gnu.linkonce.t*)

.rela.text
 *(.rela.text)
 *(.rela.text.*)
 *(.rela.gnu.linkonce.t*)

.rel.fini
 *(.rel.fini)

.rela.fini
 *(.rela.fini)

.rel.rodata
 *(.rel.rodata)
 *(.rel.rodata.*)
 *(.rel.gnu.linkonce.r*)

.rela.rodata
 *(.rela.rodata)
 *(.rela.rodata.*)
 *(.rela.gnu.linkonce.r*)

.rel.data
 *(.rel.data)
 *(.rel.data.*)
 *(.rel.gnu.linkonce.d*)

.rela.data
 *(.rela.data)
 *(.rela.data.*)
 *(.rela.gnu.linkonce.d*)

.rel.ctors
 *(.rel.ctors)

.rela.ctors
 *(.rela.ctors)

.rel.dtors
 *(.rel.dtors)

.rela.dtors
 *(.rela.dtors)

.rel.got
 *(.rel.got)

.rela.got
 *(.rela.got)

.rel.bss
 *(.rel.bss)

.rela.bss
 *(.rela.bss)

.rel.plt
 *(.rel.plt)

.rela.plt
 *(.rela.plt)

.text           0x0000000000000000       0xca
 *(.vectors)
 .vectors       0x0000000000000000       0x54 C:/Program Files (x86)/Atmel/Studio/7.0/Packs/atmel/ATmega_DFP/1.7.374/xc8/avr/lib/avr5/memx-const/crtatmega32.o
                0x0000000000000000                __vector_default
                0x0000000000000000                __vectors
 *(.vectors)
 *(.progmem.gcc*)
 .progmem.gcc_sw_table.ADC_Read
                0x0000000000000054       0x10 MCAL/ADC/ADC_Interface.o
 *(.dinit)
 .dinit         0x0000000000000064       0x11 data_init
                0x0000000000000076                . = ALIGN (0x2)
 *fill*         0x0000000000000075        0x1 
                0x0000000000000076                __trampolines_start = .
 *(.trampolines)
 .trampolines   0x0000000000000076        0x0 linker stubs
 *(.trampolines*)
                0x0000000000000076                __trampolines_end = .
 *libprintf_flt.a:*(.progmem.data)
 *libc.a:*(.progmem.data)
                0x0000000000000076                . = ALIGN (0x2)
 *(.jumptables)
 *(.jumptables*)
 *(.lowtext)
 *(.lowtext*)
                0x0000000000000076                __ctors_start = .
 *(.ctors)
                0x0000000000000076                __ctors_end = .
                0x0000000000000076                __dtors_start = .
 *(.dtors)
                0x0000000000000076                __dtors_end = .
 SORT(*)(.ctors)
 SORT(*)(.dtors)
 *(.init0)
 .init0         0x0000000000000076        0x0 C:/Program Files (x86)/Atmel/Studio/7.0/Packs/atmel/ATmega_DFP/1.7.374/xc8/avr/lib/avr5/memx-const/crtatmega32.o
                0x0000000000000076                __init
 *(.init0)
 *(.init1)
 *(.init1)
 *(.init2)
 .init2         0x0000000000000076        0xc C:/Program Files (x86)/Atmel/Studio/7.0/Packs/atmel/ATmega_DFP/1.7.374/xc8/avr/lib/avr5/memx-const/crtatmega32.o
 *(.init2)
 *(.init3)
 *(.init3)
 *(.init4)
 .init4         0x0000000000000082       0x3c c:/program files/microchip/xc8/v2.36/avr/bin/../lib/gcc/avr/5.4.0/avr5/memx-const\libgcc.a(_copy_data.o)
                0x0000000000000082                __do_copy_data
                0x00000000000000b0                __do_clear_bss
 *(.init4)
 *(.init5)
 *(.init5)
 *(.init6)
 *(.init6)
 *(.init7)
 *(.init7)
 *(.init8)
 *(.init8)
 *(.init9)
 .init9         0x00000000000000be        0x8 C:/Program Files (x86)/Atmel/Studio/7.0/Packs/atmel/ATmega_DFP/1.7.374/xc8/avr/lib/avr5/memx-const/crtatmega32.o
 *(.init9)
                0x00000000000000c6                . = ALIGN (0x2)
 *(.fini9)
 .fini9         0x00000000000000c6        0x0 c:/program files/microchip/xc8/v2.36/avr/bin/../lib/gcc/avr/5.4.0/avr5/memx-const\libgcc.a(_exit.o)
                0x00000000000000c6                _exit
 *(.fini9)
 *(.fini8)
 *(.fini8)
 *(.fini7)
 *(.fini7)
 *(.fini6)
 *(.fini6)
 *(.fini5)
 *(.fini5)
 *(.fini4)
 *(.fini4)
 *(.fini3)
 *(.fini3)
 *(.fini2)
 *(.fini2)
 *(.fini1)
 *(.fini1)
 *(.fini0)
 .fini0         0x00000000000000c6        0x4 c:/program files/microchip/xc8/v2.36/avr/bin/../lib/gcc/avr/5.4.0/avr5/memx-const\libgcc.a(_exit.o)
 *(.fini0)
                0x00000000000000ca                _etext = .

.data           0x0000000000800060        0x0 load address 0x00000000000000ca
                [!provide]                        PROVIDE (__data_start, .)
 *(.gnu.linkonce.d*)
 *(.gnu.linkonce.r*)
                0x0000000000800060                . = ALIGN (0x2)
                0x0000000000800060                _edata = .
                [!provide]                        PROVIDE (__data_end, .)

.bss            0x0000000000800060        0x0
                [!provide]                        PROVIDE (__bss_start, .)
 *(COMMON)
                [!provide]                        PROVIDE (__bss_end, .)
                0x00000000000000ca                __data_load_start = LOADADDR (.data)
                0x00000000000000ca                __data_load_end = (__data_load_start + SIZEOF (.data))

.noinit         0x0000000000800060        0x0
                [!provide]                        PROVIDE (__noinit_start, .)
 *(.noinit*)
                [!provide]                        PROVIDE (__noinit_end, .)
                0x0000000000800060                _end = .

.eeprom         0x0000000000810000        0x0
 *(.eeprom*)
                0x0000000000810000                __eeprom_end = .

.fuse
 *(.fuse)
 *(.lfuse)
 *(.hfuse)
 *(.efuse)

.lock
 *(.lock*)

.signature
 *(.signature*)

.user_signatures
 *(.user_signatures*)

.stab
 *(.stab)

.stabstr
 *(.stabstr)

.stab.excl
 *(.stab.excl)

.stab.exclstr
 *(.stab.exclstr)

.stab.index
 *(.stab.index)

.stab.indexstr
 *(.stab.indexstr)

.comment        0x0000000000000000       0x2f
 *(.comment)
 .comment       0x0000000000000000       0x2f APP/APP.o
                                         0x30 (size before relaxing)
 .comment       0x000000000000002f       0x30 HAL/IO/LM35_TMP_Sensor/LM35_TMP_Sensor_Interface.o
 .comment       0x000000000000002f       0x30 HAL/IO/Motors/DC/DC_Interface.o
 .comment       0x000000000000002f       0x30 main.o
 .comment       0x000000000000002f       0x30 MCAL/ADC/ADC_Interface.o
 .comment       0x000000000000002f       0x30 MCAL/DIO/DIO_Interface.o
 .comment       0x000000000000002f       0x30 MCAL/INTERRUPT/Interrupts_Interface.o
 .comment       0x000000000000002f       0x30 MCAL/Timer0/Timer0_Interface.o
 .comment       0x000000000000002f       0x30 MCAL/UART/UART_Interface.o
 .comment       0x000000000000002f       0x30 c:/program files/microchip/xc8/v2.36/avr/bin/../lib/gcc/avr/5.4.0/../../../../avr/lib/avr5/memx-const\libc.a(exit.o)
 .comment       0x000000000000002f       0x30 c:/program files/microchip/xc8/v2.36/avr/bin/../lib/gcc/avr/5.4.0/../../../../avr/lib/avr5/memx-const\libc.a(_Exit.o)

.stack.descriptors.hdr
                0x0000000000000000      0x134
 .stack.descriptors.hdr
                0x0000000000000000        0xe c:/program files/microchip/xc8/v2.36/avr/bin/../lib/gcc/avr/5.4.0/../../../../avr/lib/avr5/memx-const\libm.a(cmpsf2.o)
 .stack.descriptors.hdr
                0x000000000000000e        0xe c:/program files/microchip/xc8/v2.36/avr/bin/../lib/gcc/avr/5.4.0/../../../../avr/lib/avr5/memx-const\libm.a(fixunssfsi.o)
 .stack.descriptors.hdr
                0x000000000000001c        0xe c:/program files/microchip/xc8/v2.36/avr/bin/../lib/gcc/avr/5.4.0/../../../../avr/lib/avr5/memx-const\libm.a(floatsisf.o)
 .stack.descriptors.hdr
                0x000000000000002a        0xe c:/program files/microchip/xc8/v2.36/avr/bin/../lib/gcc/avr/5.4.0/../../../../avr/lib/avr5/memx-const\libm.a(fp_cmp.o)
 .stack.descriptors.hdr
                0x0000000000000038        0xe c:/program files/microchip/xc8/v2.36/avr/bin/../lib/gcc/avr/5.4.0/../../../../avr/lib/avr5/memx-const\libm.a(fp_split3.o)
 .stack.descriptors.hdr
                0x0000000000000046        0xe c:/program files/microchip/xc8/v2.36/avr/bin/../lib/gcc/avr/5.4.0/../../../../avr/lib/avr5/memx-const\libm.a(fp_zero.o)
 .stack.descriptors.hdr
                0x0000000000000054        0xe c:/program files/microchip/xc8/v2.36/avr/bin/../lib/gcc/avr/5.4.0/../../../../avr/lib/avr5/memx-const\libm.a(gesf2.o)
 .stack.descriptors.hdr
                0x0000000000000062        0xe c:/program files/microchip/xc8/v2.36/avr/bin/../lib/gcc/avr/5.4.0/../../../../avr/lib/avr5/memx-const\libm.a(mulsf3.o)
 .stack.descriptors.hdr
                0x0000000000000070        0xe c:/program files/microchip/xc8/v2.36/avr/bin/../lib/gcc/avr/5.4.0/../../../../avr/lib/avr5/memx-const\libm.a(mulsf3x.o)
 .stack.descriptors.hdr
                0x000000000000007e        0xe c:/program files/microchip/xc8/v2.36/avr/bin/../lib/gcc/avr/5.4.0/../../../../avr/lib/avr5/memx-const\libm.a(fp_inf.o)
 .stack.descriptors.hdr
                0x000000000000008c        0xe c:/program files/microchip/xc8/v2.36/avr/bin/../lib/gcc/avr/5.4.0/../../../../avr/lib/avr5/memx-const\libm.a(fp_nan.o)
 .stack.descriptors.hdr
                0x000000000000009a        0xe c:/program files/microchip/xc8/v2.36/avr/bin/../lib/gcc/avr/5.4.0/../../../../avr/lib/avr5/memx-const\libm.a(fp_pscA.o)
 .stack.descriptors.hdr
                0x00000000000000a8        0xe c:/program files/microchip/xc8/v2.36/avr/bin/../lib/gcc/avr/5.4.0/../../../../avr/lib/avr5/memx-const\libm.a(fp_pscB.o)
 .stack.descriptors.hdr
                0x00000000000000b6        0xe c:/program files/microchip/xc8/v2.36/avr/bin/../lib/gcc/avr/5.4.0/../../../../avr/lib/avr5/memx-const\libm.a(fp_round.o)
 .stack.descriptors.hdr
                0x00000000000000c4        0xe c:/program files/microchip/xc8/v2.36/avr/bin/../lib/gcc/avr/5.4.0/avr5/memx-const\libgcc.a(_udivmodsi4.o)
 .stack.descriptors.hdr
                0x00000000000000d2        0xe c:/program files/microchip/xc8/v2.36/avr/bin/../lib/gcc/avr/5.4.0/avr5/memx-const\libgcc.a(_divmodsi4.o)
 .stack.descriptors.hdr
                0x00000000000000e0        0xe c:/program files/microchip/xc8/v2.36/avr/bin/../lib/gcc/avr/5.4.0/avr5/memx-const\libgcc.a(_negsi2.o)
 .stack.descriptors.hdr
                0x00000000000000ee        0xe c:/program files/microchip/xc8/v2.36/avr/bin/../lib/gcc/avr/5.4.0/avr5/memx-const\libgcc.a(_tablejump2.o)
 .stack.descriptors.hdr
                0x00000000000000fc        0xe C:/Program Files (x86)/Atmel/Studio/7.0/Packs/atmel/ATmega_DFP/1.7.374/xc8/avr/lib/avr5/memx-const\libatmega32.a(eerd_byte.o)
 .stack.descriptors.hdr
                0x000000000000010a        0xe C:/Program Files (x86)/Atmel/Studio/7.0/Packs/atmel/ATmega_DFP/1.7.374/xc8/avr/lib/avr5/memx-const\libatmega32.a(eeupd_byte.o)
 .stack.descriptors.hdr
                0x0000000000000118        0xe C:/Program Files (x86)/Atmel/Studio/7.0/Packs/atmel/ATmega_DFP/1.7.374/xc8/avr/lib/avr5/memx-const\libatmega32.a(eewr_byte.o)
 .stack.descriptors.hdr
                0x0000000000000126        0xe c:/program files/microchip/xc8/v2.36/avr/bin/../lib/gcc/avr/5.4.0/avr5/memx-const\libgcc.a(_exit.o)

.note.GNU-stack
                0x0000000000000000        0x0
 .note.GNU-stack
                0x0000000000000000        0x0 c:/program files/microchip/xc8/v2.36/avr/bin/../lib/gcc/avr/5.4.0/../../../../avr/lib/avr5/memx-const\libm.a(cmpsf2.o)
 .note.GNU-stack
                0x0000000000000000        0x0 c:/program files/microchip/xc8/v2.36/avr/bin/../lib/gcc/avr/5.4.0/../../../../avr/lib/avr5/memx-const\libm.a(fixunssfsi.o)
 .note.GNU-stack
                0x0000000000000000        0x0 c:/program files/microchip/xc8/v2.36/avr/bin/../lib/gcc/avr/5.4.0/../../../../avr/lib/avr5/memx-const\libm.a(floatsisf.o)
 .note.GNU-stack
                0x0000000000000000        0x0 c:/program files/microchip/xc8/v2.36/avr/bin/../lib/gcc/avr/5.4.0/../../../../avr/lib/avr5/memx-const\libm.a(fp_cmp.o)
 .note.GNU-stack
                0x0000000000000000        0x0 c:/program files/microchip/xc8/v2.36/avr/bin/../lib/gcc/avr/5.4.0/../../../../avr/lib/avr5/memx-const\libm.a(fp_split3.o)
 .note.GNU-stack
                0x0000000000000000        0x0 c:/program files/microchip/xc8/v2.36/avr/bin/../lib/gcc/avr/5.4.0/../../../../avr/lib/avr5/memx-const\libm.a(fp_zero.o)
 .note.GNU-stack
                0x0000000000000000        0x0 c:/program files/microchip/xc8/v2.36/avr/bin/../lib/gcc/avr/5.4.0/../../../../avr/lib/avr5/memx-const\libm.a(gesf2.o)
 .note.GNU-stack
                0x0000000000000000        0x0 c:/program files/microchip/xc8/v2.36/avr/bin/../lib/gcc/avr/5.4.0/../../../../avr/lib/avr5/memx-const\libm.a(mulsf3.o)
 .note.GNU-stack
                0x0000000000000000        0x0 c:/program files/microchip/xc8/v2.36/avr/bin/../lib/gcc/avr/5.4.0/../../../../avr/lib/avr5/memx-const\libm.a(mulsf3x.o)
 .note.GNU-stack
                0x0000000000000000        0x0 c:/program files/microchip/xc8/v2.36/avr/bin/../lib/gcc/avr/5.4.0/../../../../avr/lib/avr5/memx-const\libm.a(fp_inf.o)
 .note.GNU-stack
                0x0000000000000000        0x0 c:/program files/microchip/xc8/v2.36/avr/bin/../lib/gcc/avr/5.4.0/../../../../avr/lib/avr5/memx-const\libm.a(fp_nan.o)
 .note.GNU-stack
                0x0000000000000000        0x0 c:/program files/microchip/xc8/v2.36/avr/bin/../lib/gcc/avr/5.4.0/../../../../avr/lib/avr5/memx-const\libm.a(fp_pscA.o)
 .note.GNU-stack
                0x0000000000000000        0x0 c:/program files/microchip/xc8/v2.36/avr/bin/../lib/gcc/avr/5.4.0/../../../../avr/lib/avr5/memx-const\libm.a(fp_pscB.o)
 .note.GNU-stack
                0x0000000000000000        0x0 c:/program files/microchip/xc8/v2.36/avr/bin/../lib/gcc/avr/5.4.0/../../../../avr/lib/avr5/memx-const\libm.a(fp_round.o)
 .note.GNU-stack
                0x0000000000000000        0x0 c:/program files/microchip/xc8/v2.36/avr/bin/../lib/gcc/avr/5.4.0/../../../../avr/lib/avr5/memx-const\libc.a(exit.o)
 .note.GNU-stack
                0x0000000000000000        0x0 c:/program files/microchip/xc8/v2.36/avr/bin/../lib/gcc/avr/5.4.0/../../../../avr/lib/avr5/memx-const\libc.a(_Exit.o)

.note.gnu.build-id
 *(.note.gnu.build-id)

.debug
 *(.debug)

.line
 *(.line)

.debug_srcinfo
 *(.debug_srcinfo)

.debug_sfnames
 *(.debug_sfnames)

.debug_aranges  0x0000000000000000      0x340
 *(.debug_aranges)
 .debug_aranges
                0x0000000000000000       0x58 APP/APP.o
 .debug_aranges
                0x0000000000000058       0x28 HAL/IO/LM35_TMP_Sensor/LM35_TMP_Sensor_Interface.o
 .debug_aranges
                0x0000000000000080       0x38 HAL/IO/Motors/DC/DC_Interface.o
 .debug_aranges
                0x00000000000000b8       0x30 main.o
 .debug_aranges
                0x00000000000000e8       0x28 MCAL/ADC/ADC_Interface.o
 .debug_aranges
                0x0000000000000110       0x68 MCAL/DIO/DIO_Interface.o
 .debug_aranges
                0x0000000000000178       0x30 MCAL/INTERRUPT/Interrupts_Interface.o
 .debug_aranges
                0x00000000000001a8       0xd8 MCAL/Timer0/Timer0_Interface.o
 .debug_aranges
                0x0000000000000280       0x60 MCAL/UART/UART_Interface.o
 .debug_aranges
                0x00000000000002e0       0x20 C:/Program Files (x86)/Atmel/Studio/7.0/Packs/atmel/ATmega_DFP/1.7.374/xc8/avr/lib/avr5/memx-const\libatmega32.a(eerd_byte.o)
 .debug_aranges
                0x0000000000000300       0x20 C:/Program Files (x86)/Atmel/Studio/7.0/Packs/atmel/ATmega_DFP/1.7.374/xc8/avr/lib/avr5/memx-const\libatmega32.a(eeupd_byte.o)
 .debug_aranges
                0x0000000000000320       0x20 C:/Program Files (x86)/Atmel/Studio/7.0/Packs/atmel/ATmega_DFP/1.7.374/xc8/avr/lib/avr5/memx-const\libatmega32.a(eewr_byte.o)

.debug_pubnames
 *(.debug_pubnames)

.debug_info     0x0000000000000000     0x46cf
 *(.debug_info .gnu.linkonce.wi.*)
 .debug_info    0x0000000000000000      0x4e6 C:/Program Files (x86)/Atmel/Studio/7.0/Packs/atmel/ATmega_DFP/1.7.374/xc8/avr/lib/avr5/memx-const/crtatmega32.o
 .debug_info    0x00000000000004e6      0xa42 APP/APP.o
 .debug_info    0x0000000000000f28      0x42c HAL/IO/LM35_TMP_Sensor/LM35_TMP_Sensor_Interface.o
 .debug_info    0x0000000000001354      0x759 HAL/IO/Motors/DC/DC_Interface.o
 .debug_info    0x0000000000001aad      0x945 main.o
 .debug_info    0x00000000000023f2      0x43b MCAL/ADC/ADC_Interface.o
 .debug_info    0x000000000000282d      0x667 MCAL/DIO/DIO_Interface.o
 .debug_info    0x0000000000002e94      0x3e2 MCAL/INTERRUPT/Interrupts_Interface.o
 .debug_info    0x0000000000003276      0xa73 MCAL/Timer0/Timer0_Interface.o
 .debug_info    0x0000000000003ce9      0x7ea MCAL/UART/UART_Interface.o
 .debug_info    0x00000000000044d3       0xa9 C:/Program Files (x86)/Atmel/Studio/7.0/Packs/atmel/ATmega_DFP/1.7.374/xc8/avr/lib/avr5/memx-const\libatmega32.a(eerd_byte.o)
 .debug_info    0x000000000000457c       0xaa C:/Program Files (x86)/Atmel/Studio/7.0/Packs/atmel/ATmega_DFP/1.7.374/xc8/avr/lib/avr5/memx-const\libatmega32.a(eeupd_byte.o)
 .debug_info    0x0000000000004626       0xa9 C:/Program Files (x86)/Atmel/Studio/7.0/Packs/atmel/ATmega_DFP/1.7.374/xc8/avr/lib/avr5/memx-const\libatmega32.a(eewr_byte.o)

.debug_abbrev   0x0000000000000000      0xec5
 *(.debug_abbrev)
 .debug_abbrev  0x0000000000000000      0x4a3 C:/Program Files (x86)/Atmel/Studio/7.0/Packs/atmel/ATmega_DFP/1.7.374/xc8/avr/lib/avr5/memx-const/crtatmega32.o
 .debug_abbrev  0x00000000000004a3      0x181 APP/APP.o
 .debug_abbrev  0x0000000000000624       0xc3 HAL/IO/LM35_TMP_Sensor/LM35_TMP_Sensor_Interface.o
 .debug_abbrev  0x00000000000006e7       0xdd HAL/IO/Motors/DC/DC_Interface.o
 .debug_abbrev  0x00000000000007c4      0x18f main.o
 .debug_abbrev  0x0000000000000953       0xb6 MCAL/ADC/ADC_Interface.o
 .debug_abbrev  0x0000000000000a09       0xdf MCAL/DIO/DIO_Interface.o
 .debug_abbrev  0x0000000000000ae8       0x85 MCAL/INTERRUPT/Interrupts_Interface.o
 .debug_abbrev  0x0000000000000b6d      0x1cb MCAL/Timer0/Timer0_Interface.o
 .debug_abbrev  0x0000000000000d38      0x151 MCAL/UART/UART_Interface.o
 .debug_abbrev  0x0000000000000e89       0x14 C:/Program Files (x86)/Atmel/Studio/7.0/Packs/atmel/ATmega_DFP/1.7.374/xc8/avr/lib/avr5/memx-const\libatmega32.a(eerd_byte.o)
 .debug_abbrev  0x0000000000000e9d       0x14 C:/Program Files (x86)/Atmel/Studio/7.0/Packs/atmel/ATmega_DFP/1.7.374/xc8/avr/lib/avr5/memx-const\libatmega32.a(eeupd_byte.o)
 .debug_abbrev  0x0000000000000eb1       0x14 C:/Program Files (x86)/Atmel/Studio/7.0/Packs/atmel/ATmega_DFP/1.7.374/xc8/avr/lib/avr5/memx-const\libatmega32.a(eewr_byte.o)

.debug_line     0x0000000000000000     0x2091
 *(.debug_line .debug_line.* .debug_line_end)
 .debug_line    0x0000000000000000      0x119 C:/Program Files (x86)/Atmel/Studio/7.0/Packs/atmel/ATmega_DFP/1.7.374/xc8/avr/lib/avr5/memx-const/crtatmega32.o
 .debug_line    0x0000000000000119      0x398 APP/APP.o
 .debug_line    0x00000000000004b1      0x148 HAL/IO/LM35_TMP_Sensor/LM35_TMP_Sensor_Interface.o
 .debug_line    0x00000000000005f9      0x205 HAL/IO/Motors/DC/DC_Interface.o
 .debug_line    0x00000000000007fe      0x33b main.o
 .debug_line    0x0000000000000b39      0x146 MCAL/ADC/ADC_Interface.o
 .debug_line    0x0000000000000c7f      0x434 MCAL/DIO/DIO_Interface.o
 .debug_line    0x00000000000010b3      0x191 MCAL/INTERRUPT/Interrupts_Interface.o
 .debug_line    0x0000000000001244      0x875 MCAL/Timer0/Timer0_Interface.o
 .debug_line    0x0000000000001ab9      0x408 MCAL/UART/UART_Interface.o
 .debug_line    0x0000000000001ec1       0x82 C:/Program Files (x86)/Atmel/Studio/7.0/Packs/atmel/ATmega_DFP/1.7.374/xc8/avr/lib/avr5/memx-const\libatmega32.a(eerd_byte.o)
 .debug_line    0x0000000000001f43       0xb3 C:/Program Files (x86)/Atmel/Studio/7.0/Packs/atmel/ATmega_DFP/1.7.374/xc8/avr/lib/avr5/memx-const\libatmega32.a(eeupd_byte.o)
 .debug_line    0x0000000000001ff6       0x9b C:/Program Files (x86)/Atmel/Studio/7.0/Packs/atmel/ATmega_DFP/1.7.374/xc8/avr/lib/avr5/memx-const\libatmega32.a(eewr_byte.o)

.debug_frame    0x0000000000000000      0x6c4
 *(.debug_frame)
 .debug_frame   0x0000000000000000      0x13c APP/APP.o
 .debug_frame   0x000000000000013c       0x34 HAL/IO/LM35_TMP_Sensor/LM35_TMP_Sensor_Interface.o
 .debug_frame   0x0000000000000170       0x5c HAL/IO/Motors/DC/DC_Interface.o
 .debug_frame   0x00000000000001cc       0xd8 main.o
 .debug_frame   0x00000000000002a4       0x34 MCAL/ADC/ADC_Interface.o
 .debug_frame   0x00000000000002d8       0xb4 MCAL/DIO/DIO_Interface.o
 .debug_frame   0x000000000000038c       0x44 MCAL/INTERRUPT/Interrupts_Interface.o
 .debug_frame   0x00000000000003d0      0x1ec MCAL/Timer0/Timer0_Interface.o
 .debug_frame   0x00000000000005bc      0x108 MCAL/UART/UART_Interface.o

.debug_str      0x0000000000000000      0x406
 *(.debug_str)
 .debug_str     0x0000000000000000      0x196 C:/Program Files (x86)/Atmel/Studio/7.0/Packs/atmel/ATmega_DFP/1.7.374/xc8/avr/lib/avr5/memx-const/crtatmega32.o
 .debug_str     0x0000000000000196       0xbe APP/APP.o
 .debug_str     0x0000000000000254       0x1d HAL/IO/LM35_TMP_Sensor/LM35_TMP_Sensor_Interface.o
 .debug_str     0x0000000000000271       0x2a HAL/IO/Motors/DC/DC_Interface.o
 .debug_str     0x000000000000029b      0x110 main.o
 .debug_str     0x00000000000003ab        0x0 MCAL/ADC/ADC_Interface.o
 .debug_str     0x00000000000003ab        0x5 MCAL/DIO/DIO_Interface.o
 .debug_str     0x00000000000003b0        0x0 MCAL/INTERRUPT/Interrupts_Interface.o
 .debug_str     0x00000000000003b0       0x31 MCAL/Timer0/Timer0_Interface.o
 .debug_str     0x00000000000003e1       0x25 MCAL/UART/UART_Interface.o

.debug_loc      0x0000000000000000     0x2154
 *(.debug_loc)
 .debug_loc     0x0000000000000000      0x70f APP/APP.o
 .debug_loc     0x000000000000070f       0x28 HAL/IO/LM35_TMP_Sensor/LM35_TMP_Sensor_Interface.o
 .debug_loc     0x0000000000000737      0x156 HAL/IO/Motors/DC/DC_Interface.o
 .debug_loc     0x000000000000088d      0x2a8 main.o
 .debug_loc     0x0000000000000b35      0x12b MCAL/ADC/ADC_Interface.o
 .debug_loc     0x0000000000000c60      0x628 MCAL/DIO/DIO_Interface.o
 .debug_loc     0x0000000000001288       0xd8 MCAL/INTERRUPT/Interrupts_Interface.o
 .debug_loc     0x0000000000001360      0x871 MCAL/Timer0/Timer0_Interface.o
 .debug_loc     0x0000000000001bd1      0x583 MCAL/UART/UART_Interface.o

.debug_macinfo
 *(.debug_macinfo)

.debug_weaknames
 *(.debug_weaknames)

.debug_funcnames
 *(.debug_funcnames)

.debug_typenames
 *(.debug_typenames)

.debug_varnames
 *(.debug_varnames)

.debug_pubtypes
 *(.debug_pubtypes)

.debug_ranges   0x0000000000000000      0x250
 *(.debug_ranges)
 .debug_ranges  0x0000000000000000       0x48 APP/APP.o
 .debug_ranges  0x0000000000000048       0x18 HAL/IO/LM35_TMP_Sensor/LM35_TMP_Sensor_Interface.o
 .debug_ranges  0x0000000000000060       0x28 HAL/IO/Motors/DC/DC_Interface.o
 .debug_ranges  0x0000000000000088       0x20 main.o
 .debug_ranges  0x00000000000000a8       0x18 MCAL/ADC/ADC_Interface.o
 .debug_ranges  0x00000000000000c0       0x58 MCAL/DIO/DIO_Interface.o
 .debug_ranges  0x0000000000000118       0x20 MCAL/INTERRUPT/Interrupts_Interface.o
 .debug_ranges  0x0000000000000138       0xc8 MCAL/Timer0/Timer0_Interface.o
 .debug_ranges  0x0000000000000200       0x50 MCAL/UART/UART_Interface.o

.debug_macro
 *(.debug_macro)
OUTPUT(Task1_source_code.elf elf32-avr)
LOAD linker stubs
LOAD data_init

.note.gnu.avr.deviceinfo
                0x0000000000000000       0x3c
 .note.gnu.avr.deviceinfo
                0x0000000000000000       0x3c C:/Program Files (x86)/Atmel/Studio/7.0/Packs/atmel/ATmega_DFP/1.7.374/xc8/avr/lib/avr5/memx-const/crtatmega32.o

.bss.temp_counter
                0x0000000000800066        0x1
 .bss.temp_counter
                0x0000000000800066        0x1 main.o
                0x0000000000800066                temp_counter

.bss.overflow_count
                0x0000000000800067        0x1
 .bss.overflow_count
                0x0000000000800067        0x1 main.o
                0x0000000000800067                overflow_count

.bss.V          0x0000000000800068        0x1
 .bss.V         0x0000000000800068        0x1 main.o
                0x0000000000800068                V

.bss.y          0x0000000000800069        0x1
 .bss.y         0x0000000000800069        0x1 main.o
                0x0000000000800069                y

.bss.buttonPressed
                0x000000000080006a        0x1
 .bss.buttonPressed
                0x000000000080006a        0x1 main.o
                0x000000000080006a                buttonPressed

.bss.currentState
                0x000000000080006b        0x1
 .bss.currentState
                0x000000000080006b        0x1 main.o
                0x000000000080006b                currentState

.bss.Overflow_Cycle
                0x0000000000800060        0x4
 .bss.Overflow_Cycle
                0x0000000000800060        0x4 MCAL/Timer0/Timer0_Interface.o
                0x0000000000800060                Overflow_Cycle

.text.UART_Initialize_WithoutInterrupt
                0x00000000000000ca      0x120
 .text.UART_Initialize_WithoutInterrupt
                0x00000000000000ca      0x120 MCAL/UART/UART_Interface.o
                0x00000000000000ca                UART_Initialize_WithoutInterrupt

.text.handle_State
                0x00000000000001ea      0x114
 .text.handle_State
                0x00000000000001ea      0x114 APP/APP.o
                0x00000000000001ea                handle_State

.text.Timer0_OVF_WithInterrupt_Start
                0x00000000000002fe       0xf8
 .text.Timer0_OVF_WithInterrupt_Start
                0x00000000000002fe       0xf8 MCAL/Timer0/Timer0_Interface.o
                0x00000000000002fe                Timer0_OVF_WithInterrupt_Start

.text.DIO_SetPinDirection
                0x00000000000003f6       0xe2
 .text.DIO_SetPinDirection
                0x00000000000003f6       0xe2 MCAL/DIO/DIO_Interface.o
                0x00000000000003f6                DIO_SetPinDirection

.text.DIO_SetPinValue
                0x00000000000004d8       0xe2
 .text.DIO_SetPinValue
                0x00000000000004d8       0xe2 MCAL/DIO/DIO_Interface.o
                0x00000000000004d8                DIO_SetPinValue

.text           0x00000000000005ba       0xd4
 .text          0x00000000000005ba       0xd4 c:/program files/microchip/xc8/v2.36/avr/bin/../lib/gcc/avr/5.4.0/../../../../avr/lib/avr5/memx-const\libm.a(mulsf3x.o)
                0x00000000000005ba                __mulsf3x
                0x00000000000005e0                __mulsf3_pse

.text.main      0x000000000000068e       0xc0
 .text.main     0x000000000000068e       0xc0 main.o
                0x000000000000068e                main

.text.check_State
                0x000000000000074e       0x9c
 .text.check_State
                0x000000000000074e       0x9c APP/APP.o
                0x000000000000074e                check_State

.text.DC_Start  0x00000000000007ea       0x90
 .text.DC_Start
                0x00000000000007ea       0x90 HAL/IO/Motors/DC/DC_Interface.o
                0x00000000000007ea                DC_Start

.text           0x000000000000087a       0x7a
 .text          0x000000000000087a       0x7a c:/program files/microchip/xc8/v2.36/avr/bin/../lib/gcc/avr/5.4.0/../../../../avr/lib/avr5/memx-const\libm.a(floatsisf.o)
                0x000000000000087a                __floatunsisf
                0x000000000000087e                __floatsisf

.text.ADC_Read  0x00000000000008f4       0x74
 .text.ADC_Read
                0x00000000000008f4       0x74 MCAL/ADC/ADC_Interface.o
                0x00000000000008f4                ADC_Read

.text.__vector_11
                0x0000000000000968       0x6c
 .text.__vector_11
                0x0000000000000968       0x6c main.o
                0x0000000000000968                __vector_11

.text           0x00000000000009d4       0x5e
 .text          0x00000000000009d4       0x5e c:/program files/microchip/xc8/v2.36/avr/bin/../lib/gcc/avr/5.4.0/../../../../avr/lib/avr5/memx-const\libm.a(fixunssfsi.o)
                0x00000000000009d4                __fixunssfsi

.text.External_Interrupt0_Initalize
                0x0000000000000a32       0x58
 .text.External_Interrupt0_Initalize
                0x0000000000000a32       0x58 MCAL/INTERRUPT/Interrupts_Interface.o
                0x0000000000000a32                External_Interrupt0_Initalize

.text.DC_Initialize
                0x0000000000000a8a       0x52
 .text.DC_Initialize
                0x0000000000000a8a       0x52 HAL/IO/Motors/DC/DC_Interface.o
                0x0000000000000a8a                DC_Initialize

.text.DC_Stop   0x0000000000000adc       0x4e
 .text.DC_Stop  0x0000000000000adc       0x4e HAL/IO/Motors/DC/DC_Interface.o
                0x0000000000000adc                DC_Stop

.text.UART_Transmit_State
                0x0000000000000b2a       0x4a
 .text.UART_Transmit_State
                0x0000000000000b2a       0x4a APP/APP.o
                0x0000000000000b2a                UART_Transmit_State

.text           0x0000000000000b74       0x48
 .text          0x0000000000000b74       0x48 c:/program files/microchip/xc8/v2.36/avr/bin/../lib/gcc/avr/5.4.0/../../../../avr/lib/avr5/memx-const\libm.a(fp_cmp.o)
                0x0000000000000b74                __fp_cmp

.text.handle_event
                0x0000000000000bbc       0x46
 .text.handle_event
                0x0000000000000bbc       0x46 APP/APP.o
                0x0000000000000bbc                handle_event

.text           0x0000000000000c02       0x44
 .text          0x0000000000000c02       0x44 c:/program files/microchip/xc8/v2.36/avr/bin/../lib/gcc/avr/5.4.0/../../../../avr/lib/avr5/memx-const\libm.a(fp_split3.o)
                0x0000000000000c02                __fp_split3
                0x0000000000000c12                __fp_splitA

.text.libgcc.div
                0x0000000000000c46       0x44
 .text.libgcc.div
                0x0000000000000c46       0x44 c:/program files/microchip/xc8/v2.36/avr/bin/../lib/gcc/avr/5.4.0/avr5/memx-const\libgcc.a(_udivmodsi4.o)
                0x0000000000000c46                __udivmodsi4

.text.__vector_1
                0x0000000000000c8a       0x42
 .text.__vector_1
                0x0000000000000c8a       0x42 main.o
                0x0000000000000c8a                __vector_1

.text.Read_TEMP_SENSOR
                0x0000000000000ccc       0x30
 .text.Read_TEMP_SENSOR
                0x0000000000000ccc       0x30 HAL/IO/LM35_TMP_Sensor/LM35_TMP_Sensor_Interface.o
                0x0000000000000ccc                Read_TEMP_SENSOR

.text.libgcc.div
                0x0000000000000cfc       0x2e
 .text.libgcc.div
                0x0000000000000cfc       0x2e c:/program files/microchip/xc8/v2.36/avr/bin/../lib/gcc/avr/5.4.0/avr5/memx-const\libgcc.a(_divmodsi4.o)
                0x0000000000000cfc                __divmodsi4

.text.DC_Change_Speed
                0x0000000000000d2a       0x26
 .text.DC_Change_Speed
                0x0000000000000d2a       0x26 HAL/IO/Motors/DC/DC_Interface.o
                0x0000000000000d2a                DC_Change_Speed

.text.Timer0_OVF_WithInterrupt_Initialize
                0x0000000000000d50       0x26
 .text.Timer0_OVF_WithInterrupt_Initialize
                0x0000000000000d50       0x26 MCAL/Timer0/Timer0_Interface.o
                0x0000000000000d50                Timer0_OVF_WithInterrupt_Initialize

.text.Timer0_OVF_WithInterrupt_Stop
                0x0000000000000d76       0x24
 .text.Timer0_OVF_WithInterrupt_Stop
                0x0000000000000d76       0x24 MCAL/Timer0/Timer0_Interface.o
                0x0000000000000d76                Timer0_OVF_WithInterrupt_Stop

.text           0x0000000000000d9a       0x22
 .text          0x0000000000000d9a       0x22 c:/program files/microchip/xc8/v2.36/avr/bin/../lib/gcc/avr/5.4.0/../../../../avr/lib/avr5/memx-const\libm.a(fp_round.o)
                0x0000000000000d9a                __fp_round

.text.avrlibc   0x0000000000000dbc       0x22
 .text.avrlibc  0x0000000000000dbc       0x22 C:/Program Files (x86)/Atmel/Studio/7.0/Packs/atmel/ATmega_DFP/1.7.374/xc8/avr/lib/avr5/memx-const\libatmega32.a(eeupd_byte.o)
                0x0000000000000dbc                eeprom_update_byte
                0x0000000000000dbe                eeprom_update_r18

.text.UART_Transmit_Word
                0x0000000000000dde       0x1c
 .text.UART_Transmit_Word
                0x0000000000000dde       0x1c MCAL/UART/UART_Interface.o
                0x0000000000000dde                UART_Transmit_Word

.text.avrlibc   0x0000000000000dfa       0x1a
 .text.avrlibc  0x0000000000000dfa       0x1a C:/Program Files (x86)/Atmel/Studio/7.0/Packs/atmel/ATmega_DFP/1.7.374/xc8/avr/lib/avr5/memx-const\libatmega32.a(eewr_byte.o)
                0x0000000000000dfa                eeprom_write_byte
                0x0000000000000dfc                eeprom_write_r18

.text.Initialize_E2PROM_State
                0x0000000000000e14       0x16
 .text.Initialize_E2PROM_State
                0x0000000000000e14       0x16 APP/APP.o
                0x0000000000000e14                Initialize_E2PROM_State

.text.exit      0x0000000000000e2a       0x16
 .text.exit     0x0000000000000e2a       0x16 c:/program files/microchip/xc8/v2.36/avr/bin/../lib/gcc/avr/5.4.0/../../../../avr/lib/avr5/memx-const\libc.a(exit.o)
                0x0000000000000e2a                exit

.text.avrlibc   0x0000000000000e40       0x12
 .text.avrlibc  0x0000000000000e40       0x12 C:/Program Files (x86)/Atmel/Studio/7.0/Packs/atmel/ATmega_DFP/1.7.374/xc8/avr/lib/avr5/memx-const\libatmega32.a(eerd_byte.o)
                0x0000000000000e40                eeprom_read_byte

.text.libgcc.div
                0x0000000000000e52       0x10
 .text.libgcc.div
                0x0000000000000e52       0x10 c:/program files/microchip/xc8/v2.36/avr/bin/../lib/gcc/avr/5.4.0/avr5/memx-const\libgcc.a(_negsi2.o)
                0x0000000000000e52                __negsi2

.text.ADC_Initialize
                0x0000000000000e62        0xe
 .text.ADC_Initialize
                0x0000000000000e62        0xe MCAL/ADC/ADC_Interface.o
                0x0000000000000e62                ADC_Initialize

.text           0x0000000000000e70        0xe
 .text          0x0000000000000e70        0xe c:/program files/microchip/xc8/v2.36/avr/bin/../lib/gcc/avr/5.4.0/../../../../avr/lib/avr5/memx-const\libm.a(fp_zero.o)
                0x0000000000000e70                __fp_zero
                0x0000000000000e72                __fp_szero

.text           0x0000000000000e7e        0xe
 .text          0x0000000000000e7e        0xe c:/program files/microchip/xc8/v2.36/avr/bin/../lib/gcc/avr/5.4.0/../../../../avr/lib/avr5/memx-const\libm.a(fp_pscA.o)
                0x0000000000000e7e                __fp_pscA

.text           0x0000000000000e8c        0xe
 .text          0x0000000000000e8c        0xe c:/program files/microchip/xc8/v2.36/avr/bin/../lib/gcc/avr/5.4.0/../../../../avr/lib/avr5/memx-const\libm.a(fp_pscB.o)
                0x0000000000000e8c                __fp_pscB

.text.Read_E2PROM_State
                0x0000000000000e9a        0xc
 .text.Read_E2PROM_State
                0x0000000000000e9a        0xc APP/APP.o
                0x0000000000000e9a                Read_E2PROM_State

.text.Initialize_TEMP_SENSOR
                0x0000000000000ea6        0xc
 .text.Initialize_TEMP_SENSOR
                0x0000000000000ea6        0xc HAL/IO/LM35_TMP_Sensor/LM35_TMP_Sensor_Interface.o
                0x0000000000000ea6                Initialize_TEMP_SENSOR

.text           0x0000000000000eb2        0xc
 .text          0x0000000000000eb2        0xc c:/program files/microchip/xc8/v2.36/avr/bin/../lib/gcc/avr/5.4.0/../../../../avr/lib/avr5/memx-const\libm.a(fp_inf.o)
                0x0000000000000eb2                __fp_inf

.text.libgcc    0x0000000000000ebe        0xc
 .text.libgcc   0x0000000000000ebe        0xc c:/program files/microchip/xc8/v2.36/avr/bin/../lib/gcc/avr/5.4.0/avr5/memx-const\libgcc.a(_tablejump2.o)
                0x0000000000000ebe                __tablejump2__

.text.UART_Transmit_Character
                0x0000000000000eca        0xa
 .text.UART_Transmit_Character
                0x0000000000000eca        0xa MCAL/UART/UART_Interface.o
                0x0000000000000eca                UART_Transmit_Character

.text           0x0000000000000ed4        0xa
 .text          0x0000000000000ed4        0xa c:/program files/microchip/xc8/v2.36/avr/bin/../lib/gcc/avr/5.4.0/../../../../avr/lib/avr5/memx-const\libm.a(cmpsf2.o)
                0x0000000000000ed4                __nesf2
                0x0000000000000ed4                __eqsf2
                0x0000000000000ed4                __cmpsf2
                0x0000000000000ed4                __ltsf2
                0x0000000000000ed4                __lesf2

.text           0x0000000000000ede        0xa
 .text          0x0000000000000ede        0xa c:/program files/microchip/xc8/v2.36/avr/bin/../lib/gcc/avr/5.4.0/../../../../avr/lib/avr5/memx-const\libm.a(gesf2.o)
                0x0000000000000ede                __gesf2
                0x0000000000000ede                __gtsf2

.text           0x0000000000000ee8        0x8
 .text          0x0000000000000ee8        0x8 c:/program files/microchip/xc8/v2.36/avr/bin/../lib/gcc/avr/5.4.0/../../../../avr/lib/avr5/memx-const\libm.a(mulsf3.o)
                0x0000000000000ee8                __mulsf3

.text           0x0000000000000ef0        0x6
 .text          0x0000000000000ef0        0x6 c:/program files/microchip/xc8/v2.36/avr/bin/../lib/gcc/avr/5.4.0/../../../../avr/lib/avr5/memx-const\libm.a(fp_nan.o)
                0x0000000000000ef0                __fp_nan

.text           0x0000000000000ef6        0x4
 .text          0x0000000000000ef6        0x4 C:/Program Files (x86)/Atmel/Studio/7.0/Packs/atmel/ATmega_DFP/1.7.374/xc8/avr/lib/avr5/memx-const/crtatmega32.o
                0x0000000000000ef6                __vector_12
                0x0000000000000ef6                __bad_interrupt
                0x0000000000000ef6                __vector_6
                0x0000000000000ef6                __vector_3
                0x0000000000000ef6                __vector_13
                0x0000000000000ef6                __vector_17
                0x0000000000000ef6                __vector_19
                0x0000000000000ef6                __vector_7
                0x0000000000000ef6                __vector_5
                0x0000000000000ef6                __vector_4
                0x0000000000000ef6                __vector_9
                0x0000000000000ef6                __vector_2
                0x0000000000000ef6                __vector_15
                0x0000000000000ef6                __vector_8
                0x0000000000000ef6                __vector_14
                0x0000000000000ef6                __vector_10
                0x0000000000000ef6                __vector_16
                0x0000000000000ef6                __vector_18
                0x0000000000000ef6                __vector_20

.text._Exit     0x0000000000000efa        0x4
 .text._Exit    0x0000000000000efa        0x4 c:/program files/microchip/xc8/v2.36/avr/bin/../lib/gcc/avr/5.4.0/../../../../avr/lib/avr5/memx-const\libc.a(_Exit.o)
                0x0000000000000efa                _Exit

.text.__dummy_fini
                0x0000000000000efe        0x2
 .text.__dummy_fini
                0x0000000000000efe        0x2 c:/program files/microchip/xc8/v2.36/avr/bin/../lib/gcc/avr/5.4.0/../../../../avr/lib/avr5/memx-const\libc.a(exit.o)
                0x0000000000000efe                _fini

.text.__dummy_funcs_on_exit
                0x0000000000000f00        0x2
 .text.__dummy_funcs_on_exit
                0x0000000000000f00        0x2 c:/program files/microchip/xc8/v2.36/avr/bin/../lib/gcc/avr/5.4.0/../../../../avr/lib/avr5/memx-const\libc.a(exit.o)
                0x0000000000000f00                __funcs_on_exit

.text.__dummy_simulator_exit
                0x0000000000000f02        0x2
 .text.__dummy_simulator_exit
                0x0000000000000f02        0x2 c:/program files/microchip/xc8/v2.36/avr/bin/../lib/gcc/avr/5.4.0/../../../../avr/lib/avr5/memx-const\libc.a(exit.o)
                0x0000000000000f02                __simulator_exit

.data.EEPROM_State_Add
                0x0000000000800064        0x1 load address 0x0000000000000f04
 .data.EEPROM_State_Add
                0x0000000000800064        0x1 APP/APP.o
                0x0000000000800064                EEPROM_State_Add

.data.Speed_Scale
                0x0000000000800065        0x1 load address 0x0000000000000f05
 .data.Speed_Scale
                0x0000000000800065        0x1 main.o
                0x0000000000800065                Speed_Scale
