Archive member included to satisfy reference by file (symbol)

c:/program files/microchip/xc8/v2.36/avr/bin/../lib/gcc/avr/5.4.0/../../../../avr/lib/avr5/memx-const\libm.a(cmpsf2.o)
                              APP/APP.o (__lesf2)
c:/program files/microchip/xc8/v2.36/avr/bin/../lib/gcc/avr/5.4.0/../../../../avr/lib/avr5/memx-const\libm.a(fixunssfsi.o)
                              HAL/IO/LM35_TMP_Sensor/LM35_TMP_Sensor_Interface.o (__fixunssfsi)
c:/program files/microchip/xc8/v2.36/avr/bin/../lib/gcc/avr/5.4.0/../../../../avr/lib/avr5/memx-const\libm.a(floatsisf.o)
                              APP/APP.o (__floatunsisf)
c:/program files/microchip/xc8/v2.36/avr/bin/../lib/gcc/avr/5.4.0/../../../../avr/lib/avr5/memx-const\libm.a(fp_cmp.o)
                              c:/program files/microchip/xc8/v2.36/avr/bin/../lib/gcc/avr/5.4.0/../../../../avr/lib/avr5/memx-const\libm.a(cmpsf2.o) (__fp_cmp)
c:/program files/microchip/xc8/v2.36/avr/bin/../lib/gcc/avr/5.4.0/../../../../avr/lib/avr5/memx-const\libm.a(fp_split3.o)
                              c:/program files/microchip/xc8/v2.36/avr/bin/../lib/gcc/avr/5.4.0/../../../../avr/lib/avr5/memx-const\libm.a(fixunssfsi.o) (__fp_splitA)
c:/program files/microchip/xc8/v2.36/avr/bin/../lib/gcc/avr/5.4.0/../../../../avr/lib/avr5/memx-const\libm.a(fp_zero.o)
                              c:/program files/microchip/xc8/v2.36/avr/bin/../lib/gcc/avr/5.4.0/../../../../avr/lib/avr5/memx-const\libm.a(fixunssfsi.o) (__fp_zero)
c:/program files/microchip/xc8/v2.36/avr/bin/../lib/gcc/avr/5.4.0/../../../../avr/lib/avr5/memx-const\libm.a(gesf2.o)
                              APP/APP.o (__gtsf2)
c:/program files/microchip/xc8/v2.36/avr/bin/../lib/gcc/avr/5.4.0/../../../../avr/lib/avr5/memx-const\libm.a(mulsf3.o)
                              HAL/IO/LM35_TMP_Sensor/LM35_TMP_Sensor_Interface.o (__mulsf3)
c:/program files/microchip/xc8/v2.36/avr/bin/../lib/gcc/avr/5.4.0/../../../../avr/lib/avr5/memx-const\libm.a(mulsf3x.o)
                              c:/program files/microchip/xc8/v2.36/avr/bin/../lib/gcc/avr/5.4.0/../../../../avr/lib/avr5/memx-const\libm.a(mulsf3.o) (__mulsf3x)
c:/program files/microchip/xc8/v2.36/avr/bin/../lib/gcc/avr/5.4.0/../../../../avr/lib/avr5/memx-const\libm.a(fp_inf.o)
                              c:/program files/microchip/xc8/v2.36/avr/bin/../lib/gcc/avr/5.4.0/../../../../avr/lib/avr5/memx-const\libm.a(mulsf3x.o) (__fp_inf)
c:/program files/microchip/xc8/v2.36/avr/bin/../lib/gcc/avr/5.4.0/../../../../avr/lib/avr5/memx-const\libm.a(fp_nan.o)
                              c:/program files/microchip/xc8/v2.36/avr/bin/../lib/gcc/avr/5.4.0/../../../../avr/lib/avr5/memx-const\libm.a(mulsf3x.o) (__fp_nan)
c:/program files/microchip/xc8/v2.36/avr/bin/../lib/gcc/avr/5.4.0/../../../../avr/lib/avr5/memx-const\libm.a(fp_pscA.o)
                              c:/program files/microchip/xc8/v2.36/avr/bin/../lib/gcc/avr/5.4.0/../../../../avr/lib/avr5/memx-const\libm.a(mulsf3x.o) (__fp_pscA)
c:/program files/microchip/xc8/v2.36/avr/bin/../lib/gcc/avr/5.4.0/../../../../avr/lib/avr5/memx-const\libm.a(fp_pscB.o)
                              c:/program files/microchip/xc8/v2.36/avr/bin/../lib/gcc/avr/5.4.0/../../../../avr/lib/avr5/memx-const\libm.a(mulsf3x.o) (__fp_pscB)
c:/program files/microchip/xc8/v2.36/avr/bin/../lib/gcc/avr/5.4.0/../../../../avr/lib/avr5/memx-const\libm.a(fp_round.o)
                              c:/program files/microchip/xc8/v2.36/avr/bin/../lib/gcc/avr/5.4.0/../../../../avr/lib/avr5/memx-const\libm.a(mulsf3.o) (__fp_round)
c:/program files/microchip/xc8/v2.36/avr/bin/../lib/gcc/avr/5.4.0/avr5/memx-const\libgcc.a(_udivmodhi4.o)
                              APP/APP.o (__udivmodhi4)
c:/program files/microchip/xc8/v2.36/avr/bin/../lib/gcc/avr/5.4.0/avr5/memx-const\libgcc.a(_divmodhi4.o)
                              MCAL/Timer0/Timer0_Interface.o (__divmodhi4)
c:/program files/microchip/xc8/v2.36/avr/bin/../lib/gcc/avr/5.4.0/avr5/memx-const\libgcc.a(_udivmodsi4.o)
                              MCAL/Timer0/Timer0_Interface.o (__udivmodsi4)
c:/program files/microchip/xc8/v2.36/avr/bin/../lib/gcc/avr/5.4.0/avr5/memx-const\libgcc.a(_divmodsi4.o)
                              MCAL/UART/UART_Interface.o (__divmodsi4)
c:/program files/microchip/xc8/v2.36/avr/bin/../lib/gcc/avr/5.4.0/avr5/memx-const\libgcc.a(_negsi2.o)
                              c:/program files/microchip/xc8/v2.36/avr/bin/../lib/gcc/avr/5.4.0/avr5/memx-const\libgcc.a(_divmodsi4.o) (__negsi2)
c:/program files/microchip/xc8/v2.36/avr/bin/../lib/gcc/avr/5.4.0/avr5/memx-const\libgcc.a(_tablejump2.o)
                              MCAL/ADC/ADC_Interface.o (__tablejump2__)
c:/program files/microchip/xc8/v2.36/avr/bin/../lib/gcc/avr/5.4.0/avr5/memx-const\libgcc.a(_copy_data.o)
                              HAL/IO/LCD/LCD.o (__do_clear_bss)
c:/program files/microchip/xc8/v2.36/avr/bin/../lib/gcc/avr/5.4.0/avr5/memx-const\libgcc.a(_udivdi3.o)
                              HAL/IO/LCD/LCD.o (__umoddi3)
c:/program files/microchip/xc8/v2.36/avr/bin/../lib/gcc/avr/5.4.0/avr5/memx-const\libgcc.a(_udivmod64.o)
                              c:/program files/microchip/xc8/v2.36/avr/bin/../lib/gcc/avr/5.4.0/avr5/memx-const\libgcc.a(_udivdi3.o) (__udivmod64)
c:/program files/microchip/xc8/v2.36/avr/bin/../lib/gcc/avr/5.4.0/avr5/memx-const\libgcc.a(_ashldi3.o)
                              HAL/IO/LCD/LCD.o (__ashldi3)
c:/program files/microchip/xc8/v2.36/avr/bin/../lib/gcc/avr/5.4.0/avr5/memx-const\libgcc.a(_adddi3.o)
                              HAL/IO/LCD/LCD.o (__adddi3)
c:/program files/microchip/xc8/v2.36/avr/bin/../lib/gcc/avr/5.4.0/avr5/memx-const\libgcc.a(_cmpdi2_s8.o)
                              HAL/IO/LCD/LCD.o (__cmpdi2_s8)
c:/program files/microchip/xc8/v2.36/avr/bin/../lib/gcc/avr/5.4.0/../../../../avr/lib/avr5/memx-const\libc.a(exit.o)
                              C:/Program Files (x86)/Atmel/Studio/7.0/Packs/atmel/ATmega_DFP/1.7.374/xc8/avr/lib/avr5/memx-const/crtatmega32.o (exit)
c:/program files/microchip/xc8/v2.36/avr/bin/../lib/gcc/avr/5.4.0/../../../../avr/lib/avr5/memx-const\libc.a(_Exit.o)
                              c:/program files/microchip/xc8/v2.36/avr/bin/../lib/gcc/avr/5.4.0/../../../../avr/lib/avr5/memx-const\libc.a(exit.o) (_Exit)
c:/program files/microchip/xc8/v2.36/avr/bin/../lib/gcc/avr/5.4.0/avr5/memx-const\libgcc.a(_exit.o)
                              c:/program files/microchip/xc8/v2.36/avr/bin/../lib/gcc/avr/5.4.0/../../../../avr/lib/avr5/memx-const\libc.a(_Exit.o) (_exit)

Discarded input sections

 .data          0x0000000000000000        0x0 C:/Program Files (x86)/Atmel/Studio/7.0/Packs/atmel/ATmega_DFP/1.7.374/xc8/avr/lib/avr5/memx-const/crtatmega32.o
 .bss           0x0000000000000000        0x0 C:/Program Files (x86)/Atmel/Studio/7.0/Packs/atmel/ATmega_DFP/1.7.374/xc8/avr/lib/avr5/memx-const/crtatmega32.o
 .text          0x0000000000000000        0x0 APP/APP.o
 .data          0x0000000000000000        0x0 APP/APP.o
 .bss           0x0000000000000000        0x0 APP/APP.o
 .text          0x0000000000000000        0x0 HAL/EEPROM/EEPROM_Interface.o
 .data          0x0000000000000000        0x0 HAL/EEPROM/EEPROM_Interface.o
 .bss           0x0000000000000000        0x0 HAL/EEPROM/EEPROM_Interface.o
 .debug_info    0x0000000000000000      0x273 HAL/EEPROM/EEPROM_Interface.o
 .debug_abbrev  0x0000000000000000       0x1b HAL/EEPROM/EEPROM_Interface.o
 .debug_aranges
                0x0000000000000000       0x18 HAL/EEPROM/EEPROM_Interface.o
 .debug_line    0x0000000000000000       0x1a HAL/EEPROM/EEPROM_Interface.o
 .debug_str     0x0000000000000000        0x0 HAL/EEPROM/EEPROM_Interface.o
 .comment       0x0000000000000000       0x30 HAL/EEPROM/EEPROM_Interface.o
 .text          0x0000000000000000        0x0 HAL/IO/LCD/LCD.o
 .data          0x0000000000000000        0x0 HAL/IO/LCD/LCD.o
 .bss           0x0000000000000000        0x0 HAL/IO/LCD/LCD.o
 .text.PCF8574_write_I2C
                0x0000000000000000       0x3c HAL/IO/LCD/LCD.o
 .text.LCD_SenddataI2C
                0x0000000000000000       0xdc HAL/IO/LCD/LCD.o
 .text.LCD_sendCommandI2C
                0x0000000000000000       0xdc HAL/IO/LCD/LCD.o
 .text.LCD_initI2C
                0x0000000000000000       0x28 HAL/IO/LCD/LCD.o
 .text.LCD_voidSendString
                0x0000000000000000       0x36 HAL/IO/LCD/LCD.o
 .text.LCD_voidSendNumber
                0x0000000000000000      0x21e HAL/IO/LCD/LCD.o
 .text.LCD_voidSetPosition
                0x0000000000000000       0x42 HAL/IO/LCD/LCD.o
 .text.LCD_voidClearScreen
                0x0000000000000000       0x14 HAL/IO/LCD/LCD.o
 .text.ClearLCDLine
                0x0000000000000000       0x2c HAL/IO/LCD/LCD.o
 .text.displayNumberWithLeadingZeros
                0x0000000000000000       0x62 HAL/IO/LCD/LCD.o
 .bss.global_LCD
                0x0000000000000000        0x1 HAL/IO/LCD/LCD.o
 .debug_info    0x0000000000000000      0xbf4 HAL/IO/LCD/LCD.o
 .debug_abbrev  0x0000000000000000      0x217 HAL/IO/LCD/LCD.o
 .debug_loc     0x0000000000000000      0xbe1 HAL/IO/LCD/LCD.o
 .debug_aranges
                0x0000000000000000       0x68 HAL/IO/LCD/LCD.o
 .debug_ranges  0x0000000000000000       0x58 HAL/IO/LCD/LCD.o
 .debug_line    0x0000000000000000      0x469 HAL/IO/LCD/LCD.o
 .debug_str     0x0000000000000000       0x84 HAL/IO/LCD/LCD.o
 .comment       0x0000000000000000       0x30 HAL/IO/LCD/LCD.o
 .debug_frame   0x0000000000000000      0x150 HAL/IO/LCD/LCD.o
 .text          0x0000000000000000        0x0 HAL/IO/LED/LED1/LED1_Interface.o
 .data          0x0000000000000000        0x0 HAL/IO/LED/LED1/LED1_Interface.o
 .bss           0x0000000000000000        0x0 HAL/IO/LED/LED1/LED1_Interface.o
 .text.LED1_TGL
                0x0000000000000000        0xa HAL/IO/LED/LED1/LED1_Interface.o
 .text          0x0000000000000000        0x0 HAL/IO/LED/LED2/LED2_Interface.o
 .data          0x0000000000000000        0x0 HAL/IO/LED/LED2/LED2_Interface.o
 .bss           0x0000000000000000        0x0 HAL/IO/LED/LED2/LED2_Interface.o
 .text.LED2_TGL
                0x0000000000000000        0xa HAL/IO/LED/LED2/LED2_Interface.o
 .text          0x0000000000000000        0x0 HAL/IO/LED/LED3/LED3_Interface.o
 .data          0x0000000000000000        0x0 HAL/IO/LED/LED3/LED3_Interface.o
 .bss           0x0000000000000000        0x0 HAL/IO/LED/LED3/LED3_Interface.o
 .text.LED3_TGL
                0x0000000000000000        0xa HAL/IO/LED/LED3/LED3_Interface.o
 .text          0x0000000000000000        0x0 HAL/IO/LED/LED4/LED4_Interface.o
 .data          0x0000000000000000        0x0 HAL/IO/LED/LED4/LED4_Interface.o
 .bss           0x0000000000000000        0x0 HAL/IO/LED/LED4/LED4_Interface.o
 .text.LED4_Initialize
                0x0000000000000000        0xc HAL/IO/LED/LED4/LED4_Interface.o
 .text.LED4_ON  0x0000000000000000        0xc HAL/IO/LED/LED4/LED4_Interface.o
 .text.LED4_OFF
                0x0000000000000000        0xc HAL/IO/LED/LED4/LED4_Interface.o
 .text.LED4_TGL
                0x0000000000000000        0xa HAL/IO/LED/LED4/LED4_Interface.o
 .debug_info    0x0000000000000000      0x469 HAL/IO/LED/LED4/LED4_Interface.o
 .debug_abbrev  0x0000000000000000       0x7c HAL/IO/LED/LED4/LED4_Interface.o
 .debug_aranges
                0x0000000000000000       0x38 HAL/IO/LED/LED4/LED4_Interface.o
 .debug_ranges  0x0000000000000000       0x28 HAL/IO/LED/LED4/LED4_Interface.o
 .debug_line    0x0000000000000000       0xcd HAL/IO/LED/LED4/LED4_Interface.o
 .debug_str     0x0000000000000000       0x37 HAL/IO/LED/LED4/LED4_Interface.o
 .comment       0x0000000000000000       0x30 HAL/IO/LED/LED4/LED4_Interface.o
 .debug_frame   0x0000000000000000       0x54 HAL/IO/LED/LED4/LED4_Interface.o
 .text          0x0000000000000000        0x0 HAL/IO/LED/LED5/LED5_Interface.o
 .data          0x0000000000000000        0x0 HAL/IO/LED/LED5/LED5_Interface.o
 .bss           0x0000000000000000        0x0 HAL/IO/LED/LED5/LED5_Interface.o
 .text.LED5_Initialize
                0x0000000000000000        0xc HAL/IO/LED/LED5/LED5_Interface.o
 .text.LED5_ON  0x0000000000000000        0xc HAL/IO/LED/LED5/LED5_Interface.o
 .text.LED5_OFF
                0x0000000000000000        0xc HAL/IO/LED/LED5/LED5_Interface.o
 .text.LED5_TGL
                0x0000000000000000        0xa HAL/IO/LED/LED5/LED5_Interface.o
 .debug_info    0x0000000000000000      0x469 HAL/IO/LED/LED5/LED5_Interface.o
 .debug_abbrev  0x0000000000000000       0x7c HAL/IO/LED/LED5/LED5_Interface.o
 .debug_aranges
                0x0000000000000000       0x38 HAL/IO/LED/LED5/LED5_Interface.o
 .debug_ranges  0x0000000000000000       0x28 HAL/IO/LED/LED5/LED5_Interface.o
 .debug_line    0x0000000000000000       0xcd HAL/IO/LED/LED5/LED5_Interface.o
 .debug_str     0x0000000000000000       0x37 HAL/IO/LED/LED5/LED5_Interface.o
 .comment       0x0000000000000000       0x30 HAL/IO/LED/LED5/LED5_Interface.o
 .debug_frame   0x0000000000000000       0x54 HAL/IO/LED/LED5/LED5_Interface.o
 .text          0x0000000000000000        0x0 HAL/IO/LM35_TMP_Sensor/LM35_TMP_Sensor_Interface.o
 .data          0x0000000000000000        0x0 HAL/IO/LM35_TMP_Sensor/LM35_TMP_Sensor_Interface.o
 .bss           0x0000000000000000        0x0 HAL/IO/LM35_TMP_Sensor/LM35_TMP_Sensor_Interface.o
 .text.Initialize_TEMP_SENSOR
                0x0000000000000000        0xc HAL/IO/LM35_TMP_Sensor/LM35_TMP_Sensor_Interface.o
 .text.Read_TEMP_SENSOR
                0x0000000000000000       0x30 HAL/IO/LM35_TMP_Sensor/LM35_TMP_Sensor_Interface.o
 .debug_info    0x0000000000000000      0x432 HAL/IO/LM35_TMP_Sensor/LM35_TMP_Sensor_Interface.o
 .debug_abbrev  0x0000000000000000       0xc3 HAL/IO/LM35_TMP_Sensor/LM35_TMP_Sensor_Interface.o
 .debug_loc     0x0000000000000000       0x28 HAL/IO/LM35_TMP_Sensor/LM35_TMP_Sensor_Interface.o
 .debug_aranges
                0x0000000000000000       0x28 HAL/IO/LM35_TMP_Sensor/LM35_TMP_Sensor_Interface.o
 .debug_ranges  0x0000000000000000       0x18 HAL/IO/LM35_TMP_Sensor/LM35_TMP_Sensor_Interface.o
 .debug_line    0x0000000000000000      0x148 HAL/IO/LM35_TMP_Sensor/LM35_TMP_Sensor_Interface.o
 .debug_str     0x0000000000000000       0x1d HAL/IO/LM35_TMP_Sensor/LM35_TMP_Sensor_Interface.o
 .comment       0x0000000000000000       0x30 HAL/IO/LM35_TMP_Sensor/LM35_TMP_Sensor_Interface.o
 .debug_frame   0x0000000000000000       0x34 HAL/IO/LM35_TMP_Sensor/LM35_TMP_Sensor_Interface.o
 .text          0x0000000000000000        0x0 HAL/IO/Motors/DC/DC_Interface.o
 .data          0x0000000000000000        0x0 HAL/IO/Motors/DC/DC_Interface.o
 .bss           0x0000000000000000        0x0 HAL/IO/Motors/DC/DC_Interface.o
 .text.DC_Change_Speed
                0x0000000000000000       0x24 HAL/IO/Motors/DC/DC_Interface.o
 .text          0x0000000000000000        0x0 HAL/IO/Motors/SERVO/Servo_Interface.o
 .data          0x0000000000000000        0x0 HAL/IO/Motors/SERVO/Servo_Interface.o
 .bss           0x0000000000000000        0x0 HAL/IO/Motors/SERVO/Servo_Interface.o
 .text.ServoMotor_Initialize
                0x0000000000000000       0x20 HAL/IO/Motors/SERVO/Servo_Interface.o
 .text.ServoMotor_Rotate
                0x0000000000000000       0x1a HAL/IO/Motors/SERVO/Servo_Interface.o
 .debug_info    0x0000000000000000      0x3f2 HAL/IO/Motors/SERVO/Servo_Interface.o
 .debug_abbrev  0x0000000000000000       0xa1 HAL/IO/Motors/SERVO/Servo_Interface.o
 .debug_aranges
                0x0000000000000000       0x28 HAL/IO/Motors/SERVO/Servo_Interface.o
 .debug_ranges  0x0000000000000000       0x18 HAL/IO/Motors/SERVO/Servo_Interface.o
 .debug_line    0x0000000000000000      0x120 HAL/IO/Motors/SERVO/Servo_Interface.o
 .debug_str     0x0000000000000000       0x14 HAL/IO/Motors/SERVO/Servo_Interface.o
 .comment       0x0000000000000000       0x30 HAL/IO/Motors/SERVO/Servo_Interface.o
 .debug_frame   0x0000000000000000       0x34 HAL/IO/Motors/SERVO/Servo_Interface.o
 .text          0x0000000000000000        0x0 main.o
 .data          0x0000000000000000        0x0 main.o
 .bss           0x0000000000000000        0x0 main.o
 .text          0x0000000000000000        0x0 MCAL/ADC/ADC_Interface.o
 .data          0x0000000000000000        0x0 MCAL/ADC/ADC_Interface.o
 .bss           0x0000000000000000        0x0 MCAL/ADC/ADC_Interface.o
 .text          0x0000000000000000        0x0 MCAL/DIO/DIO_Interface.o
 .data          0x0000000000000000        0x0 MCAL/DIO/DIO_Interface.o
 .bss           0x0000000000000000        0x0 MCAL/DIO/DIO_Interface.o
 .text.DIO_TogglePinValue
                0x0000000000000000       0x68 MCAL/DIO/DIO_Interface.o
 .text.DIO_GetPinValue
                0x0000000000000000       0x5c MCAL/DIO/DIO_Interface.o
 .text.DIO_SetPinPullUp
                0x0000000000000000       0x68 MCAL/DIO/DIO_Interface.o
 .text.DIO_SetPortDirection
                0x0000000000000000       0x52 MCAL/DIO/DIO_Interface.o
 .text.DIO_SetPortValue
                0x0000000000000000       0x52 MCAL/DIO/DIO_Interface.o
 .text.DIO_TogglePortValue
                0x0000000000000000       0x30 MCAL/DIO/DIO_Interface.o
 .text.DIO_GetPortValue
                0x0000000000000000       0x24 MCAL/DIO/DIO_Interface.o
 .text.DIO_SetPortPullUp
                0x0000000000000000       0x28 MCAL/DIO/DIO_Interface.o
 .text          0x0000000000000000        0x0 MCAL/INTERRUPT/Interrupts_Interface.o
 .data          0x0000000000000000        0x0 MCAL/INTERRUPT/Interrupts_Interface.o
 .bss           0x0000000000000000        0x0 MCAL/INTERRUPT/Interrupts_Interface.o
 .text.External_Interrupt0_Initalize
                0x0000000000000000       0x58 MCAL/INTERRUPT/Interrupts_Interface.o
 .text.External_Interrupt1_Initalize
                0x0000000000000000       0x58 MCAL/INTERRUPT/Interrupts_Interface.o
 .text.External_Interrupt2_Initalize
                0x0000000000000000       0x1e MCAL/INTERRUPT/Interrupts_Interface.o
 .debug_info    0x0000000000000000      0x3e8 MCAL/INTERRUPT/Interrupts_Interface.o
 .debug_abbrev  0x0000000000000000       0x85 MCAL/INTERRUPT/Interrupts_Interface.o
 .debug_loc     0x0000000000000000       0xd8 MCAL/INTERRUPT/Interrupts_Interface.o
 .debug_aranges
                0x0000000000000000       0x30 MCAL/INTERRUPT/Interrupts_Interface.o
 .debug_ranges  0x0000000000000000       0x20 MCAL/INTERRUPT/Interrupts_Interface.o
 .debug_line    0x0000000000000000      0x191 MCAL/INTERRUPT/Interrupts_Interface.o
 .debug_str     0x0000000000000000        0x0 MCAL/INTERRUPT/Interrupts_Interface.o
 .comment       0x0000000000000000       0x30 MCAL/INTERRUPT/Interrupts_Interface.o
 .debug_frame   0x0000000000000000       0x44 MCAL/INTERRUPT/Interrupts_Interface.o
 .text          0x0000000000000000        0x0 MCAL/Timer0/Timer0_Interface.o
 .data          0x0000000000000000        0x0 MCAL/Timer0/Timer0_Interface.o
 .bss           0x0000000000000000        0x0 MCAL/Timer0/Timer0_Interface.o
 .text.Timer0_OVF_WithoutInterrupt_Initialize
                0x0000000000000000       0x1c MCAL/Timer0/Timer0_Interface.o
 .text.Timer0_OVF_WithoutInterrupt_Start
                0x0000000000000000       0xf8 MCAL/Timer0/Timer0_Interface.o
 .text.Timer0_OVF_WithoutInterrupt_Stop
                0x0000000000000000       0x24 MCAL/Timer0/Timer0_Interface.o
 .text.Timer0_OVF_WithoutInterrupt_SetDelay
                0x0000000000000000       0x7e MCAL/Timer0/Timer0_Interface.o
 .text.Timer0_OVF_WithInterrupt_Initialize
                0x0000000000000000       0x26 MCAL/Timer0/Timer0_Interface.o
 .text.Timer0_OVF_WithInterrupt_Start
                0x0000000000000000       0xf8 MCAL/Timer0/Timer0_Interface.o
 .text.Timer0_OVF_WithInterrupt_Stop
                0x0000000000000000       0x24 MCAL/Timer0/Timer0_Interface.o
 .text.Timer0_OVF_WithInterrupt_SetDelay
                0x0000000000000000       0x1a MCAL/Timer0/Timer0_Interface.o
 .text.Timer0_CTC_WithoutInterrupt_Initialize
                0x0000000000000000       0x20 MCAL/Timer0/Timer0_Interface.o
 .text.Timer0_CTC_WithoutInterrupt_Start
                0x0000000000000000       0xf8 MCAL/Timer0/Timer0_Interface.o
 .text.Timer0_CTC_WithoutInterrupt_Stop
                0x0000000000000000       0x24 MCAL/Timer0/Timer0_Interface.o
 .text.Timer0_CTC_WithoutInterrupt_SetDelay
                0x0000000000000000       0x92 MCAL/Timer0/Timer0_Interface.o
 .text.Timer0_CTC_WithInterrupt_Initialize
                0x0000000000000000       0x26 MCAL/Timer0/Timer0_Interface.o
 .text.Timer0_CTC_WithInterrupt_Start
                0x0000000000000000       0xf8 MCAL/Timer0/Timer0_Interface.o
 .text.Timer0_CTC_WithInterrupt_Stop
                0x0000000000000000       0x24 MCAL/Timer0/Timer0_Interface.o
 .text.Timer0_CTC_WithInterrupt_SetDelay
                0x0000000000000000       0x32 MCAL/Timer0/Timer0_Interface.o
 .text.Timer0_FPWM_Initialize
                0x0000000000000000       0x14 MCAL/Timer0/Timer0_Interface.o
 .text.Timer0_FPWM_Start
                0x0000000000000000       0x94 MCAL/Timer0/Timer0_Interface.o
 .text.Timer0_FPWM_Stop
                0x0000000000000000       0x14 MCAL/Timer0/Timer0_Interface.o
 .text.Timer0_FPWM_SetDuty
                0x0000000000000000       0x58 MCAL/Timer0/Timer0_Interface.o
 .text.Timer0_PPWM_Initialize
                0x0000000000000000       0x14 MCAL/Timer0/Timer0_Interface.o
 .text.Timer0_PPWM_Start
                0x0000000000000000       0x94 MCAL/Timer0/Timer0_Interface.o
 .text.Timer0_PPWM_Stop
                0x0000000000000000       0x14 MCAL/Timer0/Timer0_Interface.o
 .text.Timer0_PPWM_SetDuty
                0x0000000000000000       0x58 MCAL/Timer0/Timer0_Interface.o
 .bss.CTC_Cycle
                0x0000000000000000        0x4 MCAL/Timer0/Timer0_Interface.o
 .bss.Overflow_Cycle
                0x0000000000000000        0x4 MCAL/Timer0/Timer0_Interface.o
 .debug_info    0x0000000000000000      0xa79 MCAL/Timer0/Timer0_Interface.o
 .debug_abbrev  0x0000000000000000      0x1cb MCAL/Timer0/Timer0_Interface.o
 .debug_loc     0x0000000000000000      0x871 MCAL/Timer0/Timer0_Interface.o
 .debug_aranges
                0x0000000000000000       0xd8 MCAL/Timer0/Timer0_Interface.o
 .debug_ranges  0x0000000000000000       0xc8 MCAL/Timer0/Timer0_Interface.o
 .debug_line    0x0000000000000000      0x875 MCAL/Timer0/Timer0_Interface.o
 .debug_str     0x0000000000000000       0x31 MCAL/Timer0/Timer0_Interface.o
 .comment       0x0000000000000000       0x30 MCAL/Timer0/Timer0_Interface.o
 .debug_frame   0x0000000000000000      0x1ec MCAL/Timer0/Timer0_Interface.o
 .text          0x0000000000000000        0x0 MCAL/TWI/TWI.o
 .data          0x0000000000000000        0x0 MCAL/TWI/TWI.o
 .bss           0x0000000000000000        0x0 MCAL/TWI/TWI.o
 .text.TWI_voidInitMaster
                0x0000000000000000       0x1c MCAL/TWI/TWI.o
 .text.TWI_voidInitSlave
                0x0000000000000000       0x12 MCAL/TWI/TWI.o
 .text.TWI_SendStartCondition
                0x0000000000000000       0x22 MCAL/TWI/TWI.o
 .text.TWI_SendRepeatedStart
                0x0000000000000000       0x22 MCAL/TWI/TWI.o
 .text.TWI_SendSlaveAddressWithWrite
                0x0000000000000000       0x2c MCAL/TWI/TWI.o
 .text.TWI_SendSlaveAddressWithRead
                0x0000000000000000       0x2c MCAL/TWI/TWI.o
 .text.TWI_MasterWriteDataByte
                0x0000000000000000       0x1e MCAL/TWI/TWI.o
 .text.TWI_MasterReadDataByte
                0x0000000000000000       0x22 MCAL/TWI/TWI.o
 .text.TWI_SlaveReadDataByte
                0x0000000000000000       0x3a MCAL/TWI/TWI.o
 .text.TWI_SlaveWriteDataByte
                0x0000000000000000       0x1e MCAL/TWI/TWI.o
 .text.TWI_SendStopCondition
                0x0000000000000000        0xe MCAL/TWI/TWI.o
 .debug_info    0x0000000000000000      0x581 MCAL/TWI/TWI.o
 .debug_abbrev  0x0000000000000000       0xdd MCAL/TWI/TWI.o
 .debug_loc     0x0000000000000000      0x266 MCAL/TWI/TWI.o
 .debug_aranges
                0x0000000000000000       0x70 MCAL/TWI/TWI.o
 .debug_ranges  0x0000000000000000       0x60 MCAL/TWI/TWI.o
 .debug_line    0x0000000000000000      0x316 MCAL/TWI/TWI.o
 .debug_str     0x0000000000000000       0x5c MCAL/TWI/TWI.o
 .comment       0x0000000000000000       0x30 MCAL/TWI/TWI.o
 .debug_frame   0x0000000000000000       0xc4 MCAL/TWI/TWI.o
 .text          0x0000000000000000        0x0 MCAL/UART/UART_Interface.o
 .data          0x0000000000000000        0x0 MCAL/UART/UART_Interface.o
 .bss           0x0000000000000000        0x0 MCAL/UART/UART_Interface.o
 .text.UART_Transmit_Word
                0x0000000000000000       0x1c MCAL/UART/UART_Interface.o
 .text.UART_Transmit_String
                0x0000000000000000       0x22 MCAL/UART/UART_Interface.o
 .text.UART_Receive_String
                0x0000000000000000       0x40 MCAL/UART/UART_Interface.o
 .text.UART_Initialize_WithInterrupt
                0x0000000000000000      0x124 MCAL/UART/UART_Interface.o
 .data          0x0000000000000000        0x0 c:/program files/microchip/xc8/v2.36/avr/bin/../lib/gcc/avr/5.4.0/../../../../avr/lib/avr5/memx-const\libm.a(cmpsf2.o)
 .bss           0x0000000000000000        0x0 c:/program files/microchip/xc8/v2.36/avr/bin/../lib/gcc/avr/5.4.0/../../../../avr/lib/avr5/memx-const\libm.a(cmpsf2.o)
 .stack.descriptors
                0x0000000000000000       0x6a c:/program files/microchip/xc8/v2.36/avr/bin/../lib/gcc/avr/5.4.0/../../../../avr/lib/avr5/memx-const\libm.a(cmpsf2.o)
 .text          0x0000000000000000       0x5e c:/program files/microchip/xc8/v2.36/avr/bin/../lib/gcc/avr/5.4.0/../../../../avr/lib/avr5/memx-const\libm.a(fixunssfsi.o)
 .data          0x0000000000000000        0x0 c:/program files/microchip/xc8/v2.36/avr/bin/../lib/gcc/avr/5.4.0/../../../../avr/lib/avr5/memx-const\libm.a(fixunssfsi.o)
 .bss           0x0000000000000000        0x0 c:/program files/microchip/xc8/v2.36/avr/bin/../lib/gcc/avr/5.4.0/../../../../avr/lib/avr5/memx-const\libm.a(fixunssfsi.o)
 .stack.descriptors.hdr
                0x0000000000000000        0xe c:/program files/microchip/xc8/v2.36/avr/bin/../lib/gcc/avr/5.4.0/../../../../avr/lib/avr5/memx-const\libm.a(fixunssfsi.o)
 .stack.descriptors
                0x0000000000000000       0x1a c:/program files/microchip/xc8/v2.36/avr/bin/../lib/gcc/avr/5.4.0/../../../../avr/lib/avr5/memx-const\libm.a(fixunssfsi.o)
 .note.GNU-stack
                0x0000000000000000        0x0 c:/program files/microchip/xc8/v2.36/avr/bin/../lib/gcc/avr/5.4.0/../../../../avr/lib/avr5/memx-const\libm.a(fixunssfsi.o)
 .data          0x0000000000000000        0x0 c:/program files/microchip/xc8/v2.36/avr/bin/../lib/gcc/avr/5.4.0/../../../../avr/lib/avr5/memx-const\libm.a(floatsisf.o)
 .bss           0x0000000000000000        0x0 c:/program files/microchip/xc8/v2.36/avr/bin/../lib/gcc/avr/5.4.0/../../../../avr/lib/avr5/memx-const\libm.a(floatsisf.o)
 .stack.descriptors
                0x0000000000000000       0x34 c:/program files/microchip/xc8/v2.36/avr/bin/../lib/gcc/avr/5.4.0/../../../../avr/lib/avr5/memx-const\libm.a(floatsisf.o)
 .data          0x0000000000000000        0x0 c:/program files/microchip/xc8/v2.36/avr/bin/../lib/gcc/avr/5.4.0/../../../../avr/lib/avr5/memx-const\libm.a(fp_cmp.o)
 .bss           0x0000000000000000        0x0 c:/program files/microchip/xc8/v2.36/avr/bin/../lib/gcc/avr/5.4.0/../../../../avr/lib/avr5/memx-const\libm.a(fp_cmp.o)
 .stack.descriptors
                0x0000000000000000       0x16 c:/program files/microchip/xc8/v2.36/avr/bin/../lib/gcc/avr/5.4.0/../../../../avr/lib/avr5/memx-const\libm.a(fp_cmp.o)
 .text          0x0000000000000000       0x44 c:/program files/microchip/xc8/v2.36/avr/bin/../lib/gcc/avr/5.4.0/../../../../avr/lib/avr5/memx-const\libm.a(fp_split3.o)
 .data          0x0000000000000000        0x0 c:/program files/microchip/xc8/v2.36/avr/bin/../lib/gcc/avr/5.4.0/../../../../avr/lib/avr5/memx-const\libm.a(fp_split3.o)
 .bss           0x0000000000000000        0x0 c:/program files/microchip/xc8/v2.36/avr/bin/../lib/gcc/avr/5.4.0/../../../../avr/lib/avr5/memx-const\libm.a(fp_split3.o)
 .stack.descriptors.hdr
                0x0000000000000000        0xe c:/program files/microchip/xc8/v2.36/avr/bin/../lib/gcc/avr/5.4.0/../../../../avr/lib/avr5/memx-const\libm.a(fp_split3.o)
 .stack.descriptors
                0x0000000000000000       0x32 c:/program files/microchip/xc8/v2.36/avr/bin/../lib/gcc/avr/5.4.0/../../../../avr/lib/avr5/memx-const\libm.a(fp_split3.o)
 .note.GNU-stack
                0x0000000000000000        0x0 c:/program files/microchip/xc8/v2.36/avr/bin/../lib/gcc/avr/5.4.0/../../../../avr/lib/avr5/memx-const\libm.a(fp_split3.o)
 .text          0x0000000000000000        0xe c:/program files/microchip/xc8/v2.36/avr/bin/../lib/gcc/avr/5.4.0/../../../../avr/lib/avr5/memx-const\libm.a(fp_zero.o)
 .data          0x0000000000000000        0x0 c:/program files/microchip/xc8/v2.36/avr/bin/../lib/gcc/avr/5.4.0/../../../../avr/lib/avr5/memx-const\libm.a(fp_zero.o)
 .bss           0x0000000000000000        0x0 c:/program files/microchip/xc8/v2.36/avr/bin/../lib/gcc/avr/5.4.0/../../../../avr/lib/avr5/memx-const\libm.a(fp_zero.o)
 .stack.descriptors.hdr
                0x0000000000000000        0xe c:/program files/microchip/xc8/v2.36/avr/bin/../lib/gcc/avr/5.4.0/../../../../avr/lib/avr5/memx-const\libm.a(fp_zero.o)
 .stack.descriptors
                0x0000000000000000       0x2f c:/program files/microchip/xc8/v2.36/avr/bin/../lib/gcc/avr/5.4.0/../../../../avr/lib/avr5/memx-const\libm.a(fp_zero.o)
 .note.GNU-stack
                0x0000000000000000        0x0 c:/program files/microchip/xc8/v2.36/avr/bin/../lib/gcc/avr/5.4.0/../../../../avr/lib/avr5/memx-const\libm.a(fp_zero.o)
 .data          0x0000000000000000        0x0 c:/program files/microchip/xc8/v2.36/avr/bin/../lib/gcc/avr/5.4.0/../../../../avr/lib/avr5/memx-const\libm.a(gesf2.o)
 .bss           0x0000000000000000        0x0 c:/program files/microchip/xc8/v2.36/avr/bin/../lib/gcc/avr/5.4.0/../../../../avr/lib/avr5/memx-const\libm.a(gesf2.o)
 .stack.descriptors
                0x0000000000000000       0x2a c:/program files/microchip/xc8/v2.36/avr/bin/../lib/gcc/avr/5.4.0/../../../../avr/lib/avr5/memx-const\libm.a(gesf2.o)
 .text          0x0000000000000000        0x8 c:/program files/microchip/xc8/v2.36/avr/bin/../lib/gcc/avr/5.4.0/../../../../avr/lib/avr5/memx-const\libm.a(mulsf3.o)
 .data          0x0000000000000000        0x0 c:/program files/microchip/xc8/v2.36/avr/bin/../lib/gcc/avr/5.4.0/../../../../avr/lib/avr5/memx-const\libm.a(mulsf3.o)
 .bss           0x0000000000000000        0x0 c:/program files/microchip/xc8/v2.36/avr/bin/../lib/gcc/avr/5.4.0/../../../../avr/lib/avr5/memx-const\libm.a(mulsf3.o)
 .stack.descriptors.hdr
                0x0000000000000000        0xe c:/program files/microchip/xc8/v2.36/avr/bin/../lib/gcc/avr/5.4.0/../../../../avr/lib/avr5/memx-const\libm.a(mulsf3.o)
 .stack.descriptors
                0x0000000000000000       0x16 c:/program files/microchip/xc8/v2.36/avr/bin/../lib/gcc/avr/5.4.0/../../../../avr/lib/avr5/memx-const\libm.a(mulsf3.o)
 .note.GNU-stack
                0x0000000000000000        0x0 c:/program files/microchip/xc8/v2.36/avr/bin/../lib/gcc/avr/5.4.0/../../../../avr/lib/avr5/memx-const\libm.a(mulsf3.o)
 .text          0x0000000000000000       0xd4 c:/program files/microchip/xc8/v2.36/avr/bin/../lib/gcc/avr/5.4.0/../../../../avr/lib/avr5/memx-const\libm.a(mulsf3x.o)
 .data          0x0000000000000000        0x0 c:/program files/microchip/xc8/v2.36/avr/bin/../lib/gcc/avr/5.4.0/../../../../avr/lib/avr5/memx-const\libm.a(mulsf3x.o)
 .bss           0x0000000000000000        0x0 c:/program files/microchip/xc8/v2.36/avr/bin/../lib/gcc/avr/5.4.0/../../../../avr/lib/avr5/memx-const\libm.a(mulsf3x.o)
 .stack.descriptors.hdr
                0x0000000000000000        0xe c:/program files/microchip/xc8/v2.36/avr/bin/../lib/gcc/avr/5.4.0/../../../../avr/lib/avr5/memx-const\libm.a(mulsf3x.o)
 .stack.descriptors
                0x0000000000000000       0x31 c:/program files/microchip/xc8/v2.36/avr/bin/../lib/gcc/avr/5.4.0/../../../../avr/lib/avr5/memx-const\libm.a(mulsf3x.o)
 .note.GNU-stack
                0x0000000000000000        0x0 c:/program files/microchip/xc8/v2.36/avr/bin/../lib/gcc/avr/5.4.0/../../../../avr/lib/avr5/memx-const\libm.a(mulsf3x.o)
 .text          0x0000000000000000        0xc c:/program files/microchip/xc8/v2.36/avr/bin/../lib/gcc/avr/5.4.0/../../../../avr/lib/avr5/memx-const\libm.a(fp_inf.o)
 .data          0x0000000000000000        0x0 c:/program files/microchip/xc8/v2.36/avr/bin/../lib/gcc/avr/5.4.0/../../../../avr/lib/avr5/memx-const\libm.a(fp_inf.o)
 .bss           0x0000000000000000        0x0 c:/program files/microchip/xc8/v2.36/avr/bin/../lib/gcc/avr/5.4.0/../../../../avr/lib/avr5/memx-const\libm.a(fp_inf.o)
 .stack.descriptors.hdr
                0x0000000000000000        0xe c:/program files/microchip/xc8/v2.36/avr/bin/../lib/gcc/avr/5.4.0/../../../../avr/lib/avr5/memx-const\libm.a(fp_inf.o)
 .stack.descriptors
                0x0000000000000000       0x16 c:/program files/microchip/xc8/v2.36/avr/bin/../lib/gcc/avr/5.4.0/../../../../avr/lib/avr5/memx-const\libm.a(fp_inf.o)
 .note.GNU-stack
                0x0000000000000000        0x0 c:/program files/microchip/xc8/v2.36/avr/bin/../lib/gcc/avr/5.4.0/../../../../avr/lib/avr5/memx-const\libm.a(fp_inf.o)
 .text          0x0000000000000000        0x6 c:/program files/microchip/xc8/v2.36/avr/bin/../lib/gcc/avr/5.4.0/../../../../avr/lib/avr5/memx-const\libm.a(fp_nan.o)
 .data          0x0000000000000000        0x0 c:/program files/microchip/xc8/v2.36/avr/bin/../lib/gcc/avr/5.4.0/../../../../avr/lib/avr5/memx-const\libm.a(fp_nan.o)
 .bss           0x0000000000000000        0x0 c:/program files/microchip/xc8/v2.36/avr/bin/../lib/gcc/avr/5.4.0/../../../../avr/lib/avr5/memx-const\libm.a(fp_nan.o)
 .stack.descriptors.hdr
                0x0000000000000000        0xe c:/program files/microchip/xc8/v2.36/avr/bin/../lib/gcc/avr/5.4.0/../../../../avr/lib/avr5/memx-const\libm.a(fp_nan.o)
 .stack.descriptors
                0x0000000000000000       0x16 c:/program files/microchip/xc8/v2.36/avr/bin/../lib/gcc/avr/5.4.0/../../../../avr/lib/avr5/memx-const\libm.a(fp_nan.o)
 .note.GNU-stack
                0x0000000000000000        0x0 c:/program files/microchip/xc8/v2.36/avr/bin/../lib/gcc/avr/5.4.0/../../../../avr/lib/avr5/memx-const\libm.a(fp_nan.o)
 .text          0x0000000000000000        0xe c:/program files/microchip/xc8/v2.36/avr/bin/../lib/gcc/avr/5.4.0/../../../../avr/lib/avr5/memx-const\libm.a(fp_pscA.o)
 .data          0x0000000000000000        0x0 c:/program files/microchip/xc8/v2.36/avr/bin/../lib/gcc/avr/5.4.0/../../../../avr/lib/avr5/memx-const\libm.a(fp_pscA.o)
 .bss           0x0000000000000000        0x0 c:/program files/microchip/xc8/v2.36/avr/bin/../lib/gcc/avr/5.4.0/../../../../avr/lib/avr5/memx-const\libm.a(fp_pscA.o)
 .stack.descriptors.hdr
                0x0000000000000000        0xe c:/program files/microchip/xc8/v2.36/avr/bin/../lib/gcc/avr/5.4.0/../../../../avr/lib/avr5/memx-const\libm.a(fp_pscA.o)
 .stack.descriptors
                0x0000000000000000       0x17 c:/program files/microchip/xc8/v2.36/avr/bin/../lib/gcc/avr/5.4.0/../../../../avr/lib/avr5/memx-const\libm.a(fp_pscA.o)
 .note.GNU-stack
                0x0000000000000000        0x0 c:/program files/microchip/xc8/v2.36/avr/bin/../lib/gcc/avr/5.4.0/../../../../avr/lib/avr5/memx-const\libm.a(fp_pscA.o)
 .text          0x0000000000000000        0xe c:/program files/microchip/xc8/v2.36/avr/bin/../lib/gcc/avr/5.4.0/../../../../avr/lib/avr5/memx-const\libm.a(fp_pscB.o)
 .data          0x0000000000000000        0x0 c:/program files/microchip/xc8/v2.36/avr/bin/../lib/gcc/avr/5.4.0/../../../../avr/lib/avr5/memx-const\libm.a(fp_pscB.o)
 .bss           0x0000000000000000        0x0 c:/program files/microchip/xc8/v2.36/avr/bin/../lib/gcc/avr/5.4.0/../../../../avr/lib/avr5/memx-const\libm.a(fp_pscB.o)
 .stack.descriptors.hdr
                0x0000000000000000        0xe c:/program files/microchip/xc8/v2.36/avr/bin/../lib/gcc/avr/5.4.0/../../../../avr/lib/avr5/memx-const\libm.a(fp_pscB.o)
 .stack.descriptors
                0x0000000000000000       0x17 c:/program files/microchip/xc8/v2.36/avr/bin/../lib/gcc/avr/5.4.0/../../../../avr/lib/avr5/memx-const\libm.a(fp_pscB.o)
 .note.GNU-stack
                0x0000000000000000        0x0 c:/program files/microchip/xc8/v2.36/avr/bin/../lib/gcc/avr/5.4.0/../../../../avr/lib/avr5/memx-const\libm.a(fp_pscB.o)
 .text          0x0000000000000000       0x22 c:/program files/microchip/xc8/v2.36/avr/bin/../lib/gcc/avr/5.4.0/../../../../avr/lib/avr5/memx-const\libm.a(fp_round.o)
 .data          0x0000000000000000        0x0 c:/program files/microchip/xc8/v2.36/avr/bin/../lib/gcc/avr/5.4.0/../../../../avr/lib/avr5/memx-const\libm.a(fp_round.o)
 .bss           0x0000000000000000        0x0 c:/program files/microchip/xc8/v2.36/avr/bin/../lib/gcc/avr/5.4.0/../../../../avr/lib/avr5/memx-const\libm.a(fp_round.o)
 .stack.descriptors.hdr
                0x0000000000000000        0xe c:/program files/microchip/xc8/v2.36/avr/bin/../lib/gcc/avr/5.4.0/../../../../avr/lib/avr5/memx-const\libm.a(fp_round.o)
 .stack.descriptors
                0x0000000000000000       0x18 c:/program files/microchip/xc8/v2.36/avr/bin/../lib/gcc/avr/5.4.0/../../../../avr/lib/avr5/memx-const\libm.a(fp_round.o)
 .note.GNU-stack
                0x0000000000000000        0x0 c:/program files/microchip/xc8/v2.36/avr/bin/../lib/gcc/avr/5.4.0/../../../../avr/lib/avr5/memx-const\libm.a(fp_round.o)
 .text          0x0000000000000000        0x0 c:/program files/microchip/xc8/v2.36/avr/bin/../lib/gcc/avr/5.4.0/avr5/memx-const\libgcc.a(_udivmodhi4.o)
 .data          0x0000000000000000        0x0 c:/program files/microchip/xc8/v2.36/avr/bin/../lib/gcc/avr/5.4.0/avr5/memx-const\libgcc.a(_udivmodhi4.o)
 .bss           0x0000000000000000        0x0 c:/program files/microchip/xc8/v2.36/avr/bin/../lib/gcc/avr/5.4.0/avr5/memx-const\libgcc.a(_udivmodhi4.o)
 .text.libgcc.mul
                0x0000000000000000        0x0 c:/program files/microchip/xc8/v2.36/avr/bin/../lib/gcc/avr/5.4.0/avr5/memx-const\libgcc.a(_udivmodhi4.o)
 .stack.descriptors
                0x0000000000000000       0x1a c:/program files/microchip/xc8/v2.36/avr/bin/../lib/gcc/avr/5.4.0/avr5/memx-const\libgcc.a(_udivmodhi4.o)
 .text.libgcc   0x0000000000000000        0x0 c:/program files/microchip/xc8/v2.36/avr/bin/../lib/gcc/avr/5.4.0/avr5/memx-const\libgcc.a(_udivmodhi4.o)
 .text.libgcc.prologue
                0x0000000000000000        0x0 c:/program files/microchip/xc8/v2.36/avr/bin/../lib/gcc/avr/5.4.0/avr5/memx-const\libgcc.a(_udivmodhi4.o)
 .text.libgcc.builtins
                0x0000000000000000        0x0 c:/program files/microchip/xc8/v2.36/avr/bin/../lib/gcc/avr/5.4.0/avr5/memx-const\libgcc.a(_udivmodhi4.o)
 .text.libgcc.fmul
                0x0000000000000000        0x0 c:/program files/microchip/xc8/v2.36/avr/bin/../lib/gcc/avr/5.4.0/avr5/memx-const\libgcc.a(_udivmodhi4.o)
 .text.libgcc.fixed
                0x0000000000000000        0x0 c:/program files/microchip/xc8/v2.36/avr/bin/../lib/gcc/avr/5.4.0/avr5/memx-const\libgcc.a(_udivmodhi4.o)
 .text          0x0000000000000000        0x0 c:/program files/microchip/xc8/v2.36/avr/bin/../lib/gcc/avr/5.4.0/avr5/memx-const\libgcc.a(_divmodhi4.o)
 .data          0x0000000000000000        0x0 c:/program files/microchip/xc8/v2.36/avr/bin/../lib/gcc/avr/5.4.0/avr5/memx-const\libgcc.a(_divmodhi4.o)
 .bss           0x0000000000000000        0x0 c:/program files/microchip/xc8/v2.36/avr/bin/../lib/gcc/avr/5.4.0/avr5/memx-const\libgcc.a(_divmodhi4.o)
 .text.libgcc.mul
                0x0000000000000000        0x0 c:/program files/microchip/xc8/v2.36/avr/bin/../lib/gcc/avr/5.4.0/avr5/memx-const\libgcc.a(_divmodhi4.o)
 .text.libgcc.div
                0x0000000000000000       0x28 c:/program files/microchip/xc8/v2.36/avr/bin/../lib/gcc/avr/5.4.0/avr5/memx-const\libgcc.a(_divmodhi4.o)
 .stack.descriptors.hdr
                0x0000000000000000        0xe c:/program files/microchip/xc8/v2.36/avr/bin/../lib/gcc/avr/5.4.0/avr5/memx-const\libgcc.a(_divmodhi4.o)
 .stack.descriptors
                0x0000000000000000       0x19 c:/program files/microchip/xc8/v2.36/avr/bin/../lib/gcc/avr/5.4.0/avr5/memx-const\libgcc.a(_divmodhi4.o)
 .text.libgcc   0x0000000000000000        0x0 c:/program files/microchip/xc8/v2.36/avr/bin/../lib/gcc/avr/5.4.0/avr5/memx-const\libgcc.a(_divmodhi4.o)
 .text.libgcc.prologue
                0x0000000000000000        0x0 c:/program files/microchip/xc8/v2.36/avr/bin/../lib/gcc/avr/5.4.0/avr5/memx-const\libgcc.a(_divmodhi4.o)
 .text.libgcc.builtins
                0x0000000000000000        0x0 c:/program files/microchip/xc8/v2.36/avr/bin/../lib/gcc/avr/5.4.0/avr5/memx-const\libgcc.a(_divmodhi4.o)
 .text.libgcc.fmul
                0x0000000000000000        0x0 c:/program files/microchip/xc8/v2.36/avr/bin/../lib/gcc/avr/5.4.0/avr5/memx-const\libgcc.a(_divmodhi4.o)
 .text.libgcc.fixed
                0x0000000000000000        0x0 c:/program files/microchip/xc8/v2.36/avr/bin/../lib/gcc/avr/5.4.0/avr5/memx-const\libgcc.a(_divmodhi4.o)
 .text          0x0000000000000000        0x0 c:/program files/microchip/xc8/v2.36/avr/bin/../lib/gcc/avr/5.4.0/avr5/memx-const\libgcc.a(_udivmodsi4.o)
 .data          0x0000000000000000        0x0 c:/program files/microchip/xc8/v2.36/avr/bin/../lib/gcc/avr/5.4.0/avr5/memx-const\libgcc.a(_udivmodsi4.o)
 .bss           0x0000000000000000        0x0 c:/program files/microchip/xc8/v2.36/avr/bin/../lib/gcc/avr/5.4.0/avr5/memx-const\libgcc.a(_udivmodsi4.o)
 .text.libgcc.mul
                0x0000000000000000        0x0 c:/program files/microchip/xc8/v2.36/avr/bin/../lib/gcc/avr/5.4.0/avr5/memx-const\libgcc.a(_udivmodsi4.o)
 .stack.descriptors
                0x0000000000000000       0x1a c:/program files/microchip/xc8/v2.36/avr/bin/../lib/gcc/avr/5.4.0/avr5/memx-const\libgcc.a(_udivmodsi4.o)
 .text.libgcc   0x0000000000000000        0x0 c:/program files/microchip/xc8/v2.36/avr/bin/../lib/gcc/avr/5.4.0/avr5/memx-const\libgcc.a(_udivmodsi4.o)
 .text.libgcc.prologue
                0x0000000000000000        0x0 c:/program files/microchip/xc8/v2.36/avr/bin/../lib/gcc/avr/5.4.0/avr5/memx-const\libgcc.a(_udivmodsi4.o)
 .text.libgcc.builtins
                0x0000000000000000        0x0 c:/program files/microchip/xc8/v2.36/avr/bin/../lib/gcc/avr/5.4.0/avr5/memx-const\libgcc.a(_udivmodsi4.o)
 .text.libgcc.fmul
                0x0000000000000000        0x0 c:/program files/microchip/xc8/v2.36/avr/bin/../lib/gcc/avr/5.4.0/avr5/memx-const\libgcc.a(_udivmodsi4.o)
 .text.libgcc.fixed
                0x0000000000000000        0x0 c:/program files/microchip/xc8/v2.36/avr/bin/../lib/gcc/avr/5.4.0/avr5/memx-const\libgcc.a(_udivmodsi4.o)
 .text          0x0000000000000000        0x0 c:/program files/microchip/xc8/v2.36/avr/bin/../lib/gcc/avr/5.4.0/avr5/memx-const\libgcc.a(_divmodsi4.o)
 .data          0x0000000000000000        0x0 c:/program files/microchip/xc8/v2.36/avr/bin/../lib/gcc/avr/5.4.0/avr5/memx-const\libgcc.a(_divmodsi4.o)
 .bss           0x0000000000000000        0x0 c:/program files/microchip/xc8/v2.36/avr/bin/../lib/gcc/avr/5.4.0/avr5/memx-const\libgcc.a(_divmodsi4.o)
 .text.libgcc.mul
                0x0000000000000000        0x0 c:/program files/microchip/xc8/v2.36/avr/bin/../lib/gcc/avr/5.4.0/avr5/memx-const\libgcc.a(_divmodsi4.o)
 .stack.descriptors
                0x0000000000000000       0x19 c:/program files/microchip/xc8/v2.36/avr/bin/../lib/gcc/avr/5.4.0/avr5/memx-const\libgcc.a(_divmodsi4.o)
 .text.libgcc   0x0000000000000000        0x0 c:/program files/microchip/xc8/v2.36/avr/bin/../lib/gcc/avr/5.4.0/avr5/memx-const\libgcc.a(_divmodsi4.o)
 .text.libgcc.prologue
                0x0000000000000000        0x0 c:/program files/microchip/xc8/v2.36/avr/bin/../lib/gcc/avr/5.4.0/avr5/memx-const\libgcc.a(_divmodsi4.o)
 .text.libgcc.builtins
                0x0000000000000000        0x0 c:/program files/microchip/xc8/v2.36/avr/bin/../lib/gcc/avr/5.4.0/avr5/memx-const\libgcc.a(_divmodsi4.o)
 .text.libgcc.fmul
                0x0000000000000000        0x0 c:/program files/microchip/xc8/v2.36/avr/bin/../lib/gcc/avr/5.4.0/avr5/memx-const\libgcc.a(_divmodsi4.o)
 .text.libgcc.fixed
                0x0000000000000000        0x0 c:/program files/microchip/xc8/v2.36/avr/bin/../lib/gcc/avr/5.4.0/avr5/memx-const\libgcc.a(_divmodsi4.o)
 .text          0x0000000000000000        0x0 c:/program files/microchip/xc8/v2.36/avr/bin/../lib/gcc/avr/5.4.0/avr5/memx-const\libgcc.a(_negsi2.o)
 .data          0x0000000000000000        0x0 c:/program files/microchip/xc8/v2.36/avr/bin/../lib/gcc/avr/5.4.0/avr5/memx-const\libgcc.a(_negsi2.o)
 .bss           0x0000000000000000        0x0 c:/program files/microchip/xc8/v2.36/avr/bin/../lib/gcc/avr/5.4.0/avr5/memx-const\libgcc.a(_negsi2.o)
 .text.libgcc.mul
                0x0000000000000000        0x0 c:/program files/microchip/xc8/v2.36/avr/bin/../lib/gcc/avr/5.4.0/avr5/memx-const\libgcc.a(_negsi2.o)
 .stack.descriptors
                0x0000000000000000       0x16 c:/program files/microchip/xc8/v2.36/avr/bin/../lib/gcc/avr/5.4.0/avr5/memx-const\libgcc.a(_negsi2.o)
 .text.libgcc   0x0000000000000000        0x0 c:/program files/microchip/xc8/v2.36/avr/bin/../lib/gcc/avr/5.4.0/avr5/memx-const\libgcc.a(_negsi2.o)
 .text.libgcc.prologue
                0x0000000000000000        0x0 c:/program files/microchip/xc8/v2.36/avr/bin/../lib/gcc/avr/5.4.0/avr5/memx-const\libgcc.a(_negsi2.o)
 .text.libgcc.builtins
                0x0000000000000000        0x0 c:/program files/microchip/xc8/v2.36/avr/bin/../lib/gcc/avr/5.4.0/avr5/memx-const\libgcc.a(_negsi2.o)
 .text.libgcc.fmul
                0x0000000000000000        0x0 c:/program files/microchip/xc8/v2.36/avr/bin/../lib/gcc/avr/5.4.0/avr5/memx-const\libgcc.a(_negsi2.o)
 .text.libgcc.fixed
                0x0000000000000000        0x0 c:/program files/microchip/xc8/v2.36/avr/bin/../lib/gcc/avr/5.4.0/avr5/memx-const\libgcc.a(_negsi2.o)
 .text          0x0000000000000000        0x0 c:/program files/microchip/xc8/v2.36/avr/bin/../lib/gcc/avr/5.4.0/avr5/memx-const\libgcc.a(_tablejump2.o)
 .data          0x0000000000000000        0x0 c:/program files/microchip/xc8/v2.36/avr/bin/../lib/gcc/avr/5.4.0/avr5/memx-const\libgcc.a(_tablejump2.o)
 .bss           0x0000000000000000        0x0 c:/program files/microchip/xc8/v2.36/avr/bin/../lib/gcc/avr/5.4.0/avr5/memx-const\libgcc.a(_tablejump2.o)
 .text.libgcc.mul
                0x0000000000000000        0x0 c:/program files/microchip/xc8/v2.36/avr/bin/../lib/gcc/avr/5.4.0/avr5/memx-const\libgcc.a(_tablejump2.o)
 .text.libgcc.div
                0x0000000000000000        0x0 c:/program files/microchip/xc8/v2.36/avr/bin/../lib/gcc/avr/5.4.0/avr5/memx-const\libgcc.a(_tablejump2.o)
 .text.libgcc.prologue
                0x0000000000000000        0x0 c:/program files/microchip/xc8/v2.36/avr/bin/../lib/gcc/avr/5.4.0/avr5/memx-const\libgcc.a(_tablejump2.o)
 .stack.descriptors
                0x0000000000000000       0x1c c:/program files/microchip/xc8/v2.36/avr/bin/../lib/gcc/avr/5.4.0/avr5/memx-const\libgcc.a(_tablejump2.o)
 .text.libgcc.builtins
                0x0000000000000000        0x0 c:/program files/microchip/xc8/v2.36/avr/bin/../lib/gcc/avr/5.4.0/avr5/memx-const\libgcc.a(_tablejump2.o)
 .text.libgcc.fmul
                0x0000000000000000        0x0 c:/program files/microchip/xc8/v2.36/avr/bin/../lib/gcc/avr/5.4.0/avr5/memx-const\libgcc.a(_tablejump2.o)
 .text.libgcc.fixed
                0x0000000000000000        0x0 c:/program files/microchip/xc8/v2.36/avr/bin/../lib/gcc/avr/5.4.0/avr5/memx-const\libgcc.a(_tablejump2.o)
 .text          0x0000000000000000        0x0 c:/program files/microchip/xc8/v2.36/avr/bin/../lib/gcc/avr/5.4.0/avr5/memx-const\libgcc.a(_copy_data.o)
 .data          0x0000000000000000        0x0 c:/program files/microchip/xc8/v2.36/avr/bin/../lib/gcc/avr/5.4.0/avr5/memx-const\libgcc.a(_copy_data.o)
 .bss           0x0000000000000000        0x0 c:/program files/microchip/xc8/v2.36/avr/bin/../lib/gcc/avr/5.4.0/avr5/memx-const\libgcc.a(_copy_data.o)
 .text.libgcc.mul
                0x0000000000000000        0x0 c:/program files/microchip/xc8/v2.36/avr/bin/../lib/gcc/avr/5.4.0/avr5/memx-const\libgcc.a(_copy_data.o)
 .text.libgcc.div
                0x0000000000000000        0x0 c:/program files/microchip/xc8/v2.36/avr/bin/../lib/gcc/avr/5.4.0/avr5/memx-const\libgcc.a(_copy_data.o)
 .text.libgcc   0x0000000000000000        0x0 c:/program files/microchip/xc8/v2.36/avr/bin/../lib/gcc/avr/5.4.0/avr5/memx-const\libgcc.a(_copy_data.o)
 .text.libgcc.prologue
                0x0000000000000000        0x0 c:/program files/microchip/xc8/v2.36/avr/bin/../lib/gcc/avr/5.4.0/avr5/memx-const\libgcc.a(_copy_data.o)
 .text.libgcc.builtins
                0x0000000000000000        0x0 c:/program files/microchip/xc8/v2.36/avr/bin/../lib/gcc/avr/5.4.0/avr5/memx-const\libgcc.a(_copy_data.o)
 .text.libgcc.fmul
                0x0000000000000000        0x0 c:/program files/microchip/xc8/v2.36/avr/bin/../lib/gcc/avr/5.4.0/avr5/memx-const\libgcc.a(_copy_data.o)
 .text.libgcc.fixed
                0x0000000000000000        0x0 c:/program files/microchip/xc8/v2.36/avr/bin/../lib/gcc/avr/5.4.0/avr5/memx-const\libgcc.a(_copy_data.o)
 .text          0x0000000000000000        0x0 c:/program files/microchip/xc8/v2.36/avr/bin/../lib/gcc/avr/5.4.0/avr5/memx-const\libgcc.a(_udivdi3.o)
 .data          0x0000000000000000        0x0 c:/program files/microchip/xc8/v2.36/avr/bin/../lib/gcc/avr/5.4.0/avr5/memx-const\libgcc.a(_udivdi3.o)
 .bss           0x0000000000000000        0x0 c:/program files/microchip/xc8/v2.36/avr/bin/../lib/gcc/avr/5.4.0/avr5/memx-const\libgcc.a(_udivdi3.o)
 .text.libgcc.mul
                0x0000000000000000        0x0 c:/program files/microchip/xc8/v2.36/avr/bin/../lib/gcc/avr/5.4.0/avr5/memx-const\libgcc.a(_udivdi3.o)
 .text.libgcc.div
                0x0000000000000000       0x1c c:/program files/microchip/xc8/v2.36/avr/bin/../lib/gcc/avr/5.4.0/avr5/memx-const\libgcc.a(_udivdi3.o)
 .stack.descriptors.hdr
                0x0000000000000000        0xe c:/program files/microchip/xc8/v2.36/avr/bin/../lib/gcc/avr/5.4.0/avr5/memx-const\libgcc.a(_udivdi3.o)
 .stack.descriptors
                0x0000000000000000       0x4d c:/program files/microchip/xc8/v2.36/avr/bin/../lib/gcc/avr/5.4.0/avr5/memx-const\libgcc.a(_udivdi3.o)
 .text.libgcc   0x0000000000000000        0x0 c:/program files/microchip/xc8/v2.36/avr/bin/../lib/gcc/avr/5.4.0/avr5/memx-const\libgcc.a(_udivdi3.o)
 .text.libgcc.prologue
                0x0000000000000000        0x0 c:/program files/microchip/xc8/v2.36/avr/bin/../lib/gcc/avr/5.4.0/avr5/memx-const\libgcc.a(_udivdi3.o)
 .text.libgcc.builtins
                0x0000000000000000        0x0 c:/program files/microchip/xc8/v2.36/avr/bin/../lib/gcc/avr/5.4.0/avr5/memx-const\libgcc.a(_udivdi3.o)
 .text.libgcc.fmul
                0x0000000000000000        0x0 c:/program files/microchip/xc8/v2.36/avr/bin/../lib/gcc/avr/5.4.0/avr5/memx-const\libgcc.a(_udivdi3.o)
 .text.libgcc.fixed
                0x0000000000000000        0x0 c:/program files/microchip/xc8/v2.36/avr/bin/../lib/gcc/avr/5.4.0/avr5/memx-const\libgcc.a(_udivdi3.o)
 .text          0x0000000000000000        0x0 c:/program files/microchip/xc8/v2.36/avr/bin/../lib/gcc/avr/5.4.0/avr5/memx-const\libgcc.a(_udivmod64.o)
 .data          0x0000000000000000        0x0 c:/program files/microchip/xc8/v2.36/avr/bin/../lib/gcc/avr/5.4.0/avr5/memx-const\libgcc.a(_udivmod64.o)
 .bss           0x0000000000000000        0x0 c:/program files/microchip/xc8/v2.36/avr/bin/../lib/gcc/avr/5.4.0/avr5/memx-const\libgcc.a(_udivmod64.o)
 .text.libgcc.mul
                0x0000000000000000        0x0 c:/program files/microchip/xc8/v2.36/avr/bin/../lib/gcc/avr/5.4.0/avr5/memx-const\libgcc.a(_udivmod64.o)
 .text.libgcc.div
                0x0000000000000000       0xa2 c:/program files/microchip/xc8/v2.36/avr/bin/../lib/gcc/avr/5.4.0/avr5/memx-const\libgcc.a(_udivmod64.o)
 .stack.descriptors.hdr
                0x0000000000000000        0xe c:/program files/microchip/xc8/v2.36/avr/bin/../lib/gcc/avr/5.4.0/avr5/memx-const\libgcc.a(_udivmod64.o)
 .stack.descriptors
                0x0000000000000000       0x19 c:/program files/microchip/xc8/v2.36/avr/bin/../lib/gcc/avr/5.4.0/avr5/memx-const\libgcc.a(_udivmod64.o)
 .text.libgcc   0x0000000000000000        0x0 c:/program files/microchip/xc8/v2.36/avr/bin/../lib/gcc/avr/5.4.0/avr5/memx-const\libgcc.a(_udivmod64.o)
 .text.libgcc.prologue
                0x0000000000000000        0x0 c:/program files/microchip/xc8/v2.36/avr/bin/../lib/gcc/avr/5.4.0/avr5/memx-const\libgcc.a(_udivmod64.o)
 .text.libgcc.builtins
                0x0000000000000000        0x0 c:/program files/microchip/xc8/v2.36/avr/bin/../lib/gcc/avr/5.4.0/avr5/memx-const\libgcc.a(_udivmod64.o)
 .text.libgcc.fmul
                0x0000000000000000        0x0 c:/program files/microchip/xc8/v2.36/avr/bin/../lib/gcc/avr/5.4.0/avr5/memx-const\libgcc.a(_udivmod64.o)
 .text.libgcc.fixed
                0x0000000000000000        0x0 c:/program files/microchip/xc8/v2.36/avr/bin/../lib/gcc/avr/5.4.0/avr5/memx-const\libgcc.a(_udivmod64.o)
 .text          0x0000000000000000        0x0 c:/program files/microchip/xc8/v2.36/avr/bin/../lib/gcc/avr/5.4.0/avr5/memx-const\libgcc.a(_ashldi3.o)
 .data          0x0000000000000000        0x0 c:/program files/microchip/xc8/v2.36/avr/bin/../lib/gcc/avr/5.4.0/avr5/memx-const\libgcc.a(_ashldi3.o)
 .bss           0x0000000000000000        0x0 c:/program files/microchip/xc8/v2.36/avr/bin/../lib/gcc/avr/5.4.0/avr5/memx-const\libgcc.a(_ashldi3.o)
 .text.libgcc.mul
                0x0000000000000000        0x0 c:/program files/microchip/xc8/v2.36/avr/bin/../lib/gcc/avr/5.4.0/avr5/memx-const\libgcc.a(_ashldi3.o)
 .text.libgcc.div
                0x0000000000000000        0x0 c:/program files/microchip/xc8/v2.36/avr/bin/../lib/gcc/avr/5.4.0/avr5/memx-const\libgcc.a(_ashldi3.o)
 .text.libgcc   0x0000000000000000        0x0 c:/program files/microchip/xc8/v2.36/avr/bin/../lib/gcc/avr/5.4.0/avr5/memx-const\libgcc.a(_ashldi3.o)
 .text.libgcc.prologue
                0x0000000000000000        0x0 c:/program files/microchip/xc8/v2.36/avr/bin/../lib/gcc/avr/5.4.0/avr5/memx-const\libgcc.a(_ashldi3.o)
 .text.libgcc.builtins
                0x0000000000000000       0x32 c:/program files/microchip/xc8/v2.36/avr/bin/../lib/gcc/avr/5.4.0/avr5/memx-const\libgcc.a(_ashldi3.o)
 .stack.descriptors.hdr
                0x0000000000000000        0xe c:/program files/microchip/xc8/v2.36/avr/bin/../lib/gcc/avr/5.4.0/avr5/memx-const\libgcc.a(_ashldi3.o)
 .stack.descriptors
                0x0000000000000000       0x17 c:/program files/microchip/xc8/v2.36/avr/bin/../lib/gcc/avr/5.4.0/avr5/memx-const\libgcc.a(_ashldi3.o)
 .text.libgcc.fmul
                0x0000000000000000        0x0 c:/program files/microchip/xc8/v2.36/avr/bin/../lib/gcc/avr/5.4.0/avr5/memx-const\libgcc.a(_ashldi3.o)
 .text.libgcc.fixed
                0x0000000000000000        0x0 c:/program files/microchip/xc8/v2.36/avr/bin/../lib/gcc/avr/5.4.0/avr5/memx-const\libgcc.a(_ashldi3.o)
 .text          0x0000000000000000        0x0 c:/program files/microchip/xc8/v2.36/avr/bin/../lib/gcc/avr/5.4.0/avr5/memx-const\libgcc.a(_adddi3.o)
 .data          0x0000000000000000        0x0 c:/program files/microchip/xc8/v2.36/avr/bin/../lib/gcc/avr/5.4.0/avr5/memx-const\libgcc.a(_adddi3.o)
 .bss           0x0000000000000000        0x0 c:/program files/microchip/xc8/v2.36/avr/bin/../lib/gcc/avr/5.4.0/avr5/memx-const\libgcc.a(_adddi3.o)
 .text.libgcc.mul
                0x0000000000000000        0x0 c:/program files/microchip/xc8/v2.36/avr/bin/../lib/gcc/avr/5.4.0/avr5/memx-const\libgcc.a(_adddi3.o)
 .text.libgcc.div
                0x0000000000000000        0x0 c:/program files/microchip/xc8/v2.36/avr/bin/../lib/gcc/avr/5.4.0/avr5/memx-const\libgcc.a(_adddi3.o)
 .text.libgcc   0x0000000000000000       0x12 c:/program files/microchip/xc8/v2.36/avr/bin/../lib/gcc/avr/5.4.0/avr5/memx-const\libgcc.a(_adddi3.o)
 .stack.descriptors.hdr
                0x0000000000000000        0xe c:/program files/microchip/xc8/v2.36/avr/bin/../lib/gcc/avr/5.4.0/avr5/memx-const\libgcc.a(_adddi3.o)
 .stack.descriptors
                0x0000000000000000       0x16 c:/program files/microchip/xc8/v2.36/avr/bin/../lib/gcc/avr/5.4.0/avr5/memx-const\libgcc.a(_adddi3.o)
 .text.libgcc.prologue
                0x0000000000000000        0x0 c:/program files/microchip/xc8/v2.36/avr/bin/../lib/gcc/avr/5.4.0/avr5/memx-const\libgcc.a(_adddi3.o)
 .text.libgcc.builtins
                0x0000000000000000        0x0 c:/program files/microchip/xc8/v2.36/avr/bin/../lib/gcc/avr/5.4.0/avr5/memx-const\libgcc.a(_adddi3.o)
 .text.libgcc.fmul
                0x0000000000000000        0x0 c:/program files/microchip/xc8/v2.36/avr/bin/../lib/gcc/avr/5.4.0/avr5/memx-const\libgcc.a(_adddi3.o)
 .text.libgcc.fixed
                0x0000000000000000        0x0 c:/program files/microchip/xc8/v2.36/avr/bin/../lib/gcc/avr/5.4.0/avr5/memx-const\libgcc.a(_adddi3.o)
 .text          0x0000000000000000        0x0 c:/program files/microchip/xc8/v2.36/avr/bin/../lib/gcc/avr/5.4.0/avr5/memx-const\libgcc.a(_cmpdi2_s8.o)
 .data          0x0000000000000000        0x0 c:/program files/microchip/xc8/v2.36/avr/bin/../lib/gcc/avr/5.4.0/avr5/memx-const\libgcc.a(_cmpdi2_s8.o)
 .bss           0x0000000000000000        0x0 c:/program files/microchip/xc8/v2.36/avr/bin/../lib/gcc/avr/5.4.0/avr5/memx-const\libgcc.a(_cmpdi2_s8.o)
 .text.libgcc.mul
                0x0000000000000000        0x0 c:/program files/microchip/xc8/v2.36/avr/bin/../lib/gcc/avr/5.4.0/avr5/memx-const\libgcc.a(_cmpdi2_s8.o)
 .text.libgcc.div
                0x0000000000000000        0x0 c:/program files/microchip/xc8/v2.36/avr/bin/../lib/gcc/avr/5.4.0/avr5/memx-const\libgcc.a(_cmpdi2_s8.o)
 .text.libgcc   0x0000000000000000       0x18 c:/program files/microchip/xc8/v2.36/avr/bin/../lib/gcc/avr/5.4.0/avr5/memx-const\libgcc.a(_cmpdi2_s8.o)
 .stack.descriptors.hdr
                0x0000000000000000        0xe c:/program files/microchip/xc8/v2.36/avr/bin/../lib/gcc/avr/5.4.0/avr5/memx-const\libgcc.a(_cmpdi2_s8.o)
 .stack.descriptors
                0x0000000000000000       0x19 c:/program files/microchip/xc8/v2.36/avr/bin/../lib/gcc/avr/5.4.0/avr5/memx-const\libgcc.a(_cmpdi2_s8.o)
 .text.libgcc.prologue
                0x0000000000000000        0x0 c:/program files/microchip/xc8/v2.36/avr/bin/../lib/gcc/avr/5.4.0/avr5/memx-const\libgcc.a(_cmpdi2_s8.o)
 .text.libgcc.builtins
                0x0000000000000000        0x0 c:/program files/microchip/xc8/v2.36/avr/bin/../lib/gcc/avr/5.4.0/avr5/memx-const\libgcc.a(_cmpdi2_s8.o)
 .text.libgcc.fmul
                0x0000000000000000        0x0 c:/program files/microchip/xc8/v2.36/avr/bin/../lib/gcc/avr/5.4.0/avr5/memx-const\libgcc.a(_cmpdi2_s8.o)
 .text.libgcc.fixed
                0x0000000000000000        0x0 c:/program files/microchip/xc8/v2.36/avr/bin/../lib/gcc/avr/5.4.0/avr5/memx-const\libgcc.a(_cmpdi2_s8.o)
 .text          0x0000000000000000        0x0 c:/program files/microchip/xc8/v2.36/avr/bin/../lib/gcc/avr/5.4.0/../../../../avr/lib/avr5/memx-const\libc.a(exit.o)
 .data          0x0000000000000000        0x0 c:/program files/microchip/xc8/v2.36/avr/bin/../lib/gcc/avr/5.4.0/../../../../avr/lib/avr5/memx-const\libc.a(exit.o)
 .bss           0x0000000000000000        0x0 c:/program files/microchip/xc8/v2.36/avr/bin/../lib/gcc/avr/5.4.0/../../../../avr/lib/avr5/memx-const\libc.a(exit.o)
 .text          0x0000000000000000        0x0 c:/program files/microchip/xc8/v2.36/avr/bin/../lib/gcc/avr/5.4.0/../../../../avr/lib/avr5/memx-const\libc.a(_Exit.o)
 .data          0x0000000000000000        0x0 c:/program files/microchip/xc8/v2.36/avr/bin/../lib/gcc/avr/5.4.0/../../../../avr/lib/avr5/memx-const\libc.a(_Exit.o)
 .bss           0x0000000000000000        0x0 c:/program files/microchip/xc8/v2.36/avr/bin/../lib/gcc/avr/5.4.0/../../../../avr/lib/avr5/memx-const\libc.a(_Exit.o)
 .text          0x0000000000000000        0x0 c:/program files/microchip/xc8/v2.36/avr/bin/../lib/gcc/avr/5.4.0/avr5/memx-const\libgcc.a(_exit.o)
 .data          0x0000000000000000        0x0 c:/program files/microchip/xc8/v2.36/avr/bin/../lib/gcc/avr/5.4.0/avr5/memx-const\libgcc.a(_exit.o)
 .bss           0x0000000000000000        0x0 c:/program files/microchip/xc8/v2.36/avr/bin/../lib/gcc/avr/5.4.0/avr5/memx-const\libgcc.a(_exit.o)
 .text.libgcc.mul
                0x0000000000000000        0x0 c:/program files/microchip/xc8/v2.36/avr/bin/../lib/gcc/avr/5.4.0/avr5/memx-const\libgcc.a(_exit.o)
 .text.libgcc.div
                0x0000000000000000        0x0 c:/program files/microchip/xc8/v2.36/avr/bin/../lib/gcc/avr/5.4.0/avr5/memx-const\libgcc.a(_exit.o)
 .text.libgcc   0x0000000000000000        0x0 c:/program files/microchip/xc8/v2.36/avr/bin/../lib/gcc/avr/5.4.0/avr5/memx-const\libgcc.a(_exit.o)
 .text.libgcc.prologue
                0x0000000000000000        0x0 c:/program files/microchip/xc8/v2.36/avr/bin/../lib/gcc/avr/5.4.0/avr5/memx-const\libgcc.a(_exit.o)
 .stack.descriptors
                0x0000000000000000       0x13 c:/program files/microchip/xc8/v2.36/avr/bin/../lib/gcc/avr/5.4.0/avr5/memx-const\libgcc.a(_exit.o)
 .text.libgcc.builtins
                0x0000000000000000        0x0 c:/program files/microchip/xc8/v2.36/avr/bin/../lib/gcc/avr/5.4.0/avr5/memx-const\libgcc.a(_exit.o)
 .text.libgcc.fmul
                0x0000000000000000        0x0 c:/program files/microchip/xc8/v2.36/avr/bin/../lib/gcc/avr/5.4.0/avr5/memx-const\libgcc.a(_exit.o)
 .text.libgcc.fixed
                0x0000000000000000        0x0 c:/program files/microchip/xc8/v2.36/avr/bin/../lib/gcc/avr/5.4.0/avr5/memx-const\libgcc.a(_exit.o)

Memory Configuration

Name             Origin             Length             Attributes
text             0x0000000000000000 0x0000000000008000 xr
data             0x0000000000800060 0x0000000000000800 rw !x
eeprom           0x0000000000810000 0x0000000000000400 rw !x
fuse             0x0000000000820000 0x0000000000000002 rw !x
lock             0x0000000000830000 0x0000000000000400 rw !x
signature        0x0000000000840000 0x0000000000000400 rw !x
user_signatures  0x0000000000850000 0x0000000000000400 rw !x
*default*        0x0000000000000000 0xffffffffffffffff

Linker script and memory map

LOAD C:/Program Files (x86)/Atmel/Studio/7.0/Packs/atmel/ATmega_DFP/1.7.374/xc8/avr/lib/avr5/memx-const/crtatmega32.o
LOAD APP/APP.o
LOAD HAL/EEPROM/EEPROM_Interface.o
LOAD HAL/IO/LCD/LCD.o
LOAD HAL/IO/LED/LED1/LED1_Interface.o
LOAD HAL/IO/LED/LED2/LED2_Interface.o
LOAD HAL/IO/LED/LED3/LED3_Interface.o
LOAD HAL/IO/LED/LED4/LED4_Interface.o
LOAD HAL/IO/LED/LED5/LED5_Interface.o
LOAD HAL/IO/LM35_TMP_Sensor/LM35_TMP_Sensor_Interface.o
LOAD HAL/IO/Motors/DC/DC_Interface.o
LOAD HAL/IO/Motors/SERVO/Servo_Interface.o
LOAD main.o
LOAD MCAL/ADC/ADC_Interface.o
LOAD MCAL/DIO/DIO_Interface.o
LOAD MCAL/INTERRUPT/Interrupts_Interface.o
LOAD MCAL/Timer0/Timer0_Interface.o
LOAD MCAL/TWI/TWI.o
LOAD MCAL/UART/UART_Interface.o
START GROUP
LOAD c:/program files/microchip/xc8/v2.36/avr/bin/../lib/gcc/avr/5.4.0/../../../../avr/lib/avr5/memx-const\libm.a
END GROUP
START GROUP
LOAD c:/program files/microchip/xc8/v2.36/avr/bin/../lib/gcc/avr/5.4.0/avr5/memx-const\libgcc.a
LOAD c:/program files/microchip/xc8/v2.36/avr/bin/../lib/gcc/avr/5.4.0/../../../../avr/lib/avr5/memx-const\libm.a
LOAD c:/program files/microchip/xc8/v2.36/avr/bin/../lib/gcc/avr/5.4.0/../../../../avr/lib/avr5/memx-const\libc.a
LOAD C:/Program Files (x86)/Atmel/Studio/7.0/Packs/atmel/ATmega_DFP/1.7.374/xc8/avr/lib/avr5/memx-const\libatmega32.a
END GROUP
                0x0000000000000000                __TEXT_REGION_ORIGIN__ = DEFINED (__TEXT_REGION_ORIGIN__)?__TEXT_REGION_ORIGIN__:0x0
                [0x0000000000800060]                __DATA_REGION_ORIGIN__ = DEFINED (__DATA_REGION_ORIGIN__)?__DATA_REGION_ORIGIN__:0x800060
                [0x0000000000008000]                __TEXT_REGION_LENGTH__ = DEFINED (__TEXT_REGION_LENGTH__)?__TEXT_REGION_LENGTH__:0x20000
                [0x0000000000000800]                __DATA_REGION_LENGTH__ = DEFINED (__DATA_REGION_LENGTH__)?__DATA_REGION_LENGTH__:0xffa0
                [0x0000000000000400]                __EEPROM_REGION_LENGTH__ = DEFINED (__EEPROM_REGION_LENGTH__)?__EEPROM_REGION_LENGTH__:0x10000
                [0x0000000000000002]                __FUSE_REGION_LENGTH__ = DEFINED (__FUSE_REGION_LENGTH__)?__FUSE_REGION_LENGTH__:0x400
                0x0000000000000400                __LOCK_REGION_LENGTH__ = DEFINED (__LOCK_REGION_LENGTH__)?__LOCK_REGION_LENGTH__:0x400
                0x0000000000000400                __SIGNATURE_REGION_LENGTH__ = DEFINED (__SIGNATURE_REGION_LENGTH__)?__SIGNATURE_REGION_LENGTH__:0x400
                0x0000000000000400                __USER_SIGNATURE_REGION_LENGTH__ = DEFINED (__USER_SIGNATURE_REGION_LENGTH__)?__USER_SIGNATURE_REGION_LENGTH__:0x400

.hash
 *(.hash)

.dynsym
 *(.dynsym)

.dynstr
 *(.dynstr)

.gnu.version
 *(.gnu.version)

.gnu.version_d
 *(.gnu.version_d)

.gnu.version_r
 *(.gnu.version_r)

.rel.init
 *(.rel.init)

.rela.init
 *(.rela.init)

.rel.text
 *(.rel.text)
 *(.rel.text.*)
 *(.rel.gnu.linkonce.t*)

.rela.text
 *(.rela.text)
 *(.rela.text.*)
 *(.rela.gnu.linkonce.t*)

.rel.fini
 *(.rel.fini)

.rela.fini
 *(.rela.fini)

.rel.rodata
 *(.rel.rodata)
 *(.rel.rodata.*)
 *(.rel.gnu.linkonce.r*)

.rela.rodata
 *(.rela.rodata)
 *(.rela.rodata.*)
 *(.rela.gnu.linkonce.r*)

.rel.data
 *(.rel.data)
 *(.rel.data.*)
 *(.rel.gnu.linkonce.d*)

.rela.data
 *(.rela.data)
 *(.rela.data.*)
 *(.rela.gnu.linkonce.d*)

.rel.ctors
 *(.rel.ctors)

.rela.ctors
 *(.rela.ctors)

.rel.dtors
 *(.rel.dtors)

.rela.dtors
 *(.rela.dtors)

.rel.got
 *(.rel.got)

.rela.got
 *(.rela.got)

.rel.bss
 *(.rel.bss)

.rela.bss
 *(.rela.bss)

.rel.plt
 *(.rel.plt)

.rela.plt
 *(.rela.plt)

.text           0x0000000000000000       0xb8
 *(.vectors)
 .vectors       0x0000000000000000       0x54 C:/Program Files (x86)/Atmel/Studio/7.0/Packs/atmel/ATmega_DFP/1.7.374/xc8/avr/lib/avr5/memx-const/crtatmega32.o
                0x0000000000000000                __vector_default
                0x0000000000000000                __vectors
 *(.vectors)
 *(.progmem.gcc*)
 .progmem.gcc_sw_table.ADC_Read
                0x0000000000000054       0x10 MCAL/ADC/ADC_Interface.o
 *(.dinit)
 .dinit         0x0000000000000064        0x0 data_init
                0x0000000000000064                . = ALIGN (0x2)
                0x0000000000000064                __trampolines_start = .
 *(.trampolines)
 .trampolines   0x0000000000000064        0x0 linker stubs
 *(.trampolines*)
                0x0000000000000064                __trampolines_end = .
 *libprintf_flt.a:*(.progmem.data)
 *libc.a:*(.progmem.data)
                0x0000000000000064                . = ALIGN (0x2)
 *(.jumptables)
 *(.jumptables*)
 *(.lowtext)
 *(.lowtext*)
                0x0000000000000064                __ctors_start = .
 *(.ctors)
                0x0000000000000064                __ctors_end = .
                0x0000000000000064                __dtors_start = .
 *(.dtors)
                0x0000000000000064                __dtors_end = .
 SORT(*)(.ctors)
 SORT(*)(.dtors)
 *(.init0)
 .init0         0x0000000000000064        0x0 C:/Program Files (x86)/Atmel/Studio/7.0/Packs/atmel/ATmega_DFP/1.7.374/xc8/avr/lib/avr5/memx-const/crtatmega32.o
                0x0000000000000064                __init
 *(.init0)
 *(.init1)
 *(.init1)
 *(.init2)
 .init2         0x0000000000000064        0xc C:/Program Files (x86)/Atmel/Studio/7.0/Packs/atmel/ATmega_DFP/1.7.374/xc8/avr/lib/avr5/memx-const/crtatmega32.o
 *(.init2)
 *(.init3)
 *(.init3)
 *(.init4)
 .init4         0x0000000000000070       0x3c c:/program files/microchip/xc8/v2.36/avr/bin/../lib/gcc/avr/5.4.0/avr5/memx-const\libgcc.a(_copy_data.o)
                0x0000000000000070                __do_copy_data
                0x000000000000009e                __do_clear_bss
 *(.init4)
 *(.init5)
 *(.init5)
 *(.init6)
 *(.init6)
 *(.init7)
 *(.init7)
 *(.init8)
 *(.init8)
 *(.init9)
 .init9         0x00000000000000ac        0x8 C:/Program Files (x86)/Atmel/Studio/7.0/Packs/atmel/ATmega_DFP/1.7.374/xc8/avr/lib/avr5/memx-const/crtatmega32.o
 *(.init9)
                0x00000000000000b4                . = ALIGN (0x2)
 *(.fini9)
 .fini9         0x00000000000000b4        0x0 c:/program files/microchip/xc8/v2.36/avr/bin/../lib/gcc/avr/5.4.0/avr5/memx-const\libgcc.a(_exit.o)
                0x00000000000000b4                _exit
 *(.fini9)
 *(.fini8)
 *(.fini8)
 *(.fini7)
 *(.fini7)
 *(.fini6)
 *(.fini6)
 *(.fini5)
 *(.fini5)
 *(.fini4)
 *(.fini4)
 *(.fini3)
 *(.fini3)
 *(.fini2)
 *(.fini2)
 *(.fini1)
 *(.fini1)
 *(.fini0)
 .fini0         0x00000000000000b4        0x4 c:/program files/microchip/xc8/v2.36/avr/bin/../lib/gcc/avr/5.4.0/avr5/memx-const\libgcc.a(_exit.o)
 *(.fini0)
                0x00000000000000b8                _etext = .

.data           0x0000000000800060        0x0 load address 0x00000000000000b8
                [!provide]                        PROVIDE (__data_start, .)
 *(.gnu.linkonce.d*)
 *(.gnu.linkonce.r*)
                0x0000000000800060                . = ALIGN (0x2)
                0x0000000000800060                _edata = .
                [!provide]                        PROVIDE (__data_end, .)

.bss            0x0000000000800060        0x0
                [!provide]                        PROVIDE (__bss_start, .)
 *(COMMON)
                [!provide]                        PROVIDE (__bss_end, .)
                0x00000000000000b8                __data_load_start = LOADADDR (.data)
                0x00000000000000b8                __data_load_end = (__data_load_start + SIZEOF (.data))

.noinit         0x0000000000800060        0x0
                [!provide]                        PROVIDE (__noinit_start, .)
 *(.noinit*)
                [!provide]                        PROVIDE (__noinit_end, .)
                0x0000000000800060                _end = .

.eeprom         0x0000000000810000        0x0
 *(.eeprom*)
                0x0000000000810000                __eeprom_end = .

.fuse
 *(.fuse)
 *(.lfuse)
 *(.hfuse)
 *(.efuse)

.lock
 *(.lock*)

.signature
 *(.signature*)

.user_signatures
 *(.user_signatures*)

.stab
 *(.stab)

.stabstr
 *(.stabstr)

.stab.excl
 *(.stab.excl)

.stab.exclstr
 *(.stab.exclstr)

.stab.index
 *(.stab.index)

.stab.indexstr
 *(.stab.indexstr)

.comment        0x0000000000000000       0x2f
 *(.comment)
 .comment       0x0000000000000000       0x2f APP/APP.o
                                         0x30 (size before relaxing)
 .comment       0x000000000000002f       0x30 HAL/IO/LED/LED1/LED1_Interface.o
 .comment       0x000000000000002f       0x30 HAL/IO/LED/LED2/LED2_Interface.o
 .comment       0x000000000000002f       0x30 HAL/IO/LED/LED3/LED3_Interface.o
 .comment       0x000000000000002f       0x30 HAL/IO/Motors/DC/DC_Interface.o
 .comment       0x000000000000002f       0x30 main.o
 .comment       0x000000000000002f       0x30 MCAL/ADC/ADC_Interface.o
 .comment       0x000000000000002f       0x30 MCAL/DIO/DIO_Interface.o
 .comment       0x000000000000002f       0x30 MCAL/UART/UART_Interface.o
 .comment       0x000000000000002f       0x30 c:/program files/microchip/xc8/v2.36/avr/bin/../lib/gcc/avr/5.4.0/../../../../avr/lib/avr5/memx-const\libc.a(exit.o)
 .comment       0x000000000000002f       0x30 c:/program files/microchip/xc8/v2.36/avr/bin/../lib/gcc/avr/5.4.0/../../../../avr/lib/avr5/memx-const\libc.a(_Exit.o)

.stack.descriptors.hdr
                0x0000000000000000       0x8c
 .stack.descriptors.hdr
                0x0000000000000000        0xe c:/program files/microchip/xc8/v2.36/avr/bin/../lib/gcc/avr/5.4.0/../../../../avr/lib/avr5/memx-const\libm.a(cmpsf2.o)
 .stack.descriptors.hdr
                0x000000000000000e        0xe c:/program files/microchip/xc8/v2.36/avr/bin/../lib/gcc/avr/5.4.0/../../../../avr/lib/avr5/memx-const\libm.a(floatsisf.o)
 .stack.descriptors.hdr
                0x000000000000001c        0xe c:/program files/microchip/xc8/v2.36/avr/bin/../lib/gcc/avr/5.4.0/../../../../avr/lib/avr5/memx-const\libm.a(fp_cmp.o)
 .stack.descriptors.hdr
                0x000000000000002a        0xe c:/program files/microchip/xc8/v2.36/avr/bin/../lib/gcc/avr/5.4.0/../../../../avr/lib/avr5/memx-const\libm.a(gesf2.o)
 .stack.descriptors.hdr
                0x0000000000000038        0xe c:/program files/microchip/xc8/v2.36/avr/bin/../lib/gcc/avr/5.4.0/avr5/memx-const\libgcc.a(_udivmodhi4.o)
 .stack.descriptors.hdr
                0x0000000000000046        0xe c:/program files/microchip/xc8/v2.36/avr/bin/../lib/gcc/avr/5.4.0/avr5/memx-const\libgcc.a(_udivmodsi4.o)
 .stack.descriptors.hdr
                0x0000000000000054        0xe c:/program files/microchip/xc8/v2.36/avr/bin/../lib/gcc/avr/5.4.0/avr5/memx-const\libgcc.a(_divmodsi4.o)
 .stack.descriptors.hdr
                0x0000000000000062        0xe c:/program files/microchip/xc8/v2.36/avr/bin/../lib/gcc/avr/5.4.0/avr5/memx-const\libgcc.a(_negsi2.o)
 .stack.descriptors.hdr
                0x0000000000000070        0xe c:/program files/microchip/xc8/v2.36/avr/bin/../lib/gcc/avr/5.4.0/avr5/memx-const\libgcc.a(_tablejump2.o)
 .stack.descriptors.hdr
                0x000000000000007e        0xe c:/program files/microchip/xc8/v2.36/avr/bin/../lib/gcc/avr/5.4.0/avr5/memx-const\libgcc.a(_exit.o)

.note.GNU-stack
                0x0000000000000000        0x0
 .note.GNU-stack
                0x0000000000000000        0x0 c:/program files/microchip/xc8/v2.36/avr/bin/../lib/gcc/avr/5.4.0/../../../../avr/lib/avr5/memx-const\libm.a(cmpsf2.o)
 .note.GNU-stack
                0x0000000000000000        0x0 c:/program files/microchip/xc8/v2.36/avr/bin/../lib/gcc/avr/5.4.0/../../../../avr/lib/avr5/memx-const\libm.a(floatsisf.o)
 .note.GNU-stack
                0x0000000000000000        0x0 c:/program files/microchip/xc8/v2.36/avr/bin/../lib/gcc/avr/5.4.0/../../../../avr/lib/avr5/memx-const\libm.a(fp_cmp.o)
 .note.GNU-stack
                0x0000000000000000        0x0 c:/program files/microchip/xc8/v2.36/avr/bin/../lib/gcc/avr/5.4.0/../../../../avr/lib/avr5/memx-const\libm.a(gesf2.o)
 .note.GNU-stack
                0x0000000000000000        0x0 c:/program files/microchip/xc8/v2.36/avr/bin/../lib/gcc/avr/5.4.0/../../../../avr/lib/avr5/memx-const\libc.a(exit.o)
 .note.GNU-stack
                0x0000000000000000        0x0 c:/program files/microchip/xc8/v2.36/avr/bin/../lib/gcc/avr/5.4.0/../../../../avr/lib/avr5/memx-const\libc.a(_Exit.o)

.note.gnu.build-id
 *(.note.gnu.build-id)

.debug
 *(.debug)

.line
 *(.line)

.debug_srcinfo
 *(.debug_srcinfo)

.debug_sfnames
 *(.debug_sfnames)

.debug_aranges  0x0000000000000000      0x218
 *(.debug_aranges)
 .debug_aranges
                0x0000000000000000       0x28 APP/APP.o
 .debug_aranges
                0x0000000000000028       0x38 HAL/IO/LED/LED1/LED1_Interface.o
 .debug_aranges
                0x0000000000000060       0x38 HAL/IO/LED/LED2/LED2_Interface.o
 .debug_aranges
                0x0000000000000098       0x38 HAL/IO/LED/LED3/LED3_Interface.o
 .debug_aranges
                0x00000000000000d0       0x38 HAL/IO/Motors/DC/DC_Interface.o
 .debug_aranges
                0x0000000000000108       0x20 main.o
 .debug_aranges
                0x0000000000000128       0x28 MCAL/ADC/ADC_Interface.o
 .debug_aranges
                0x0000000000000150       0x68 MCAL/DIO/DIO_Interface.o
 .debug_aranges
                0x00000000000001b8       0x60 MCAL/UART/UART_Interface.o

.debug_pubnames
 *(.debug_pubnames)

.debug_info     0x0000000000000000     0x37f4
 *(.debug_info .gnu.linkonce.wi.*)
 .debug_info    0x0000000000000000      0x4e6 C:/Program Files (x86)/Atmel/Studio/7.0/Packs/atmel/ATmega_DFP/1.7.374/xc8/avr/lib/avr5/memx-const/crtatmega32.o
 .debug_info    0x00000000000004e6      0x51c APP/APP.o
 .debug_info    0x0000000000000a02      0x469 HAL/IO/LED/LED1/LED1_Interface.o
 .debug_info    0x0000000000000e6b      0x469 HAL/IO/LED/LED2/LED2_Interface.o
 .debug_info    0x00000000000012d4      0x469 HAL/IO/LED/LED3/LED3_Interface.o
 .debug_info    0x000000000000173d      0x75f HAL/IO/Motors/DC/DC_Interface.o
 .debug_info    0x0000000000001e9c      0x6ad main.o
 .debug_info    0x0000000000002549      0x441 MCAL/ADC/ADC_Interface.o
 .debug_info    0x000000000000298a      0x66d MCAL/DIO/DIO_Interface.o
 .debug_info    0x0000000000002ff7      0x7fd MCAL/UART/UART_Interface.o

.debug_abbrev   0x0000000000000000      0xba3
 *(.debug_abbrev)
 .debug_abbrev  0x0000000000000000      0x4a3 C:/Program Files (x86)/Atmel/Studio/7.0/Packs/atmel/ATmega_DFP/1.7.374/xc8/avr/lib/avr5/memx-const/crtatmega32.o
 .debug_abbrev  0x00000000000004a3       0xe9 APP/APP.o
 .debug_abbrev  0x000000000000058c       0x7c HAL/IO/LED/LED1/LED1_Interface.o
 .debug_abbrev  0x0000000000000608       0x7c HAL/IO/LED/LED2/LED2_Interface.o
 .debug_abbrev  0x0000000000000684       0x7c HAL/IO/LED/LED3/LED3_Interface.o
 .debug_abbrev  0x0000000000000700       0xdd HAL/IO/Motors/DC/DC_Interface.o
 .debug_abbrev  0x00000000000007dd       0xe0 main.o
 .debug_abbrev  0x00000000000008bd       0xb6 MCAL/ADC/ADC_Interface.o
 .debug_abbrev  0x0000000000000973       0xdf MCAL/DIO/DIO_Interface.o
 .debug_abbrev  0x0000000000000a52      0x151 MCAL/UART/UART_Interface.o

.debug_line     0x0000000000000000     0x1394
 *(.debug_line .debug_line.* .debug_line_end)
 .debug_line    0x0000000000000000      0x119 C:/Program Files (x86)/Atmel/Studio/7.0/Packs/atmel/ATmega_DFP/1.7.374/xc8/avr/lib/avr5/memx-const/crtatmega32.o
 .debug_line    0x0000000000000119      0x25c APP/APP.o
 .debug_line    0x0000000000000375       0xcd HAL/IO/LED/LED1/LED1_Interface.o
 .debug_line    0x0000000000000442       0xcd HAL/IO/LED/LED2/LED2_Interface.o
 .debug_line    0x000000000000050f       0xcd HAL/IO/LED/LED3/LED3_Interface.o
 .debug_line    0x00000000000005dc      0x205 HAL/IO/Motors/DC/DC_Interface.o
 .debug_line    0x00000000000007e1      0x217 main.o
 .debug_line    0x00000000000009f8      0x146 MCAL/ADC/ADC_Interface.o
 .debug_line    0x0000000000000b3e      0x434 MCAL/DIO/DIO_Interface.o
 .debug_line    0x0000000000000f72      0x422 MCAL/UART/UART_Interface.o

.debug_frame    0x0000000000000000      0x3e8
 *(.debug_frame)
 .debug_frame   0x0000000000000000       0x64 APP/APP.o
 .debug_frame   0x0000000000000064       0x54 HAL/IO/LED/LED1/LED1_Interface.o
 .debug_frame   0x00000000000000b8       0x54 HAL/IO/LED/LED2/LED2_Interface.o
 .debug_frame   0x000000000000010c       0x54 HAL/IO/LED/LED3/LED3_Interface.o
 .debug_frame   0x0000000000000160       0x5c HAL/IO/Motors/DC/DC_Interface.o
 .debug_frame   0x00000000000001bc       0x3c main.o
 .debug_frame   0x00000000000001f8       0x34 MCAL/ADC/ADC_Interface.o
 .debug_frame   0x000000000000022c       0xb4 MCAL/DIO/DIO_Interface.o
 .debug_frame   0x00000000000002e0      0x108 MCAL/UART/UART_Interface.o

.debug_str      0x0000000000000000      0x37c
 *(.debug_str)
 .debug_str     0x0000000000000000      0x196 C:/Program Files (x86)/Atmel/Studio/7.0/Packs/atmel/ATmega_DFP/1.7.374/xc8/avr/lib/avr5/memx-const/crtatmega32.o
 .debug_str     0x0000000000000196       0x3c APP/APP.o
 .debug_str     0x00000000000001d2       0x37 HAL/IO/LED/LED1/LED1_Interface.o
 .debug_str     0x0000000000000209       0x37 HAL/IO/LED/LED2/LED2_Interface.o
 .debug_str     0x0000000000000240       0x37 HAL/IO/LED/LED3/LED3_Interface.o
 .debug_str     0x0000000000000277       0x2a HAL/IO/Motors/DC/DC_Interface.o
 .debug_str     0x00000000000002a1       0xb1 main.o
 .debug_str     0x0000000000000352        0x0 MCAL/ADC/ADC_Interface.o
 .debug_str     0x0000000000000352        0x5 MCAL/DIO/DIO_Interface.o
 .debug_str     0x0000000000000357       0x25 MCAL/UART/UART_Interface.o

.debug_loc      0x0000000000000000     0x104d
 *(.debug_loc)
 .debug_loc     0x0000000000000000      0x16b APP/APP.o
 .debug_loc     0x000000000000016b      0x156 HAL/IO/Motors/DC/DC_Interface.o
 .debug_loc     0x00000000000002c1       0x97 main.o
 .debug_loc     0x0000000000000358      0x12b MCAL/ADC/ADC_Interface.o
 .debug_loc     0x0000000000000483      0x628 MCAL/DIO/DIO_Interface.o
 .debug_loc     0x0000000000000aab      0x5a2 MCAL/UART/UART_Interface.o

.debug_macinfo
 *(.debug_macinfo)

.debug_weaknames
 *(.debug_weaknames)

.debug_funcnames
 *(.debug_funcnames)

.debug_typenames
 *(.debug_typenames)

.debug_varnames
 *(.debug_varnames)

.debug_pubtypes
 *(.debug_pubtypes)

.debug_ranges   0x0000000000000000      0x188
 *(.debug_ranges)
 .debug_ranges  0x0000000000000000       0x18 APP/APP.o
 .debug_ranges  0x0000000000000018       0x28 HAL/IO/LED/LED1/LED1_Interface.o
 .debug_ranges  0x0000000000000040       0x28 HAL/IO/LED/LED2/LED2_Interface.o
 .debug_ranges  0x0000000000000068       0x28 HAL/IO/LED/LED3/LED3_Interface.o
 .debug_ranges  0x0000000000000090       0x28 HAL/IO/Motors/DC/DC_Interface.o
 .debug_ranges  0x00000000000000b8       0x10 main.o
 .debug_ranges  0x00000000000000c8       0x18 MCAL/ADC/ADC_Interface.o
 .debug_ranges  0x00000000000000e0       0x58 MCAL/DIO/DIO_Interface.o
 .debug_ranges  0x0000000000000138       0x50 MCAL/UART/UART_Interface.o

.debug_macro
 *(.debug_macro)
OUTPUT(Task1_source_code_U2.elf elf32-avr)
LOAD linker stubs
LOAD data_init

.note.gnu.avr.deviceinfo
                0x0000000000000000       0x3c
 .note.gnu.avr.deviceinfo
                0x0000000000000000       0x3c C:/Program Files (x86)/Atmel/Studio/7.0/Packs/atmel/ATmega_DFP/1.7.374/xc8/avr/lib/avr5/memx-const/crtatmega32.o

.text.UART_Initialize_WithoutInterrupt
                0x00000000000000b8      0x120
 .text.UART_Initialize_WithoutInterrupt
                0x00000000000000b8      0x120 MCAL/UART/UART_Interface.o
                0x00000000000000b8                UART_Initialize_WithoutInterrupt

.text.handle_Mes
                0x00000000000001d8      0x108
 .text.handle_Mes
                0x00000000000001d8      0x108 APP/APP.o
                0x00000000000001d8                handle_Mes

.text.DIO_SetPinDirection
                0x00000000000002e0       0xe2
 .text.DIO_SetPinDirection
                0x00000000000002e0       0xe2 MCAL/DIO/DIO_Interface.o
                0x00000000000002e0                DIO_SetPinDirection

.text.DIO_SetPinValue
                0x00000000000003c2       0xe2
 .text.DIO_SetPinValue
                0x00000000000003c2       0xe2 MCAL/DIO/DIO_Interface.o
                0x00000000000003c2                DIO_SetPinValue

.text.DC_Start  0x00000000000004a4       0x94
 .text.DC_Start
                0x00000000000004a4       0x94 HAL/IO/Motors/DC/DC_Interface.o
                0x00000000000004a4                DC_Start

.text.main      0x0000000000000538       0x7c
 .text.main     0x0000000000000538       0x7c main.o
                0x0000000000000538                main

.text           0x00000000000005b4       0x7a
 .text          0x00000000000005b4       0x7a c:/program files/microchip/xc8/v2.36/avr/bin/../lib/gcc/avr/5.4.0/../../../../avr/lib/avr5/memx-const\libm.a(floatsisf.o)
                0x00000000000005b4                __floatunsisf
                0x00000000000005b8                __floatsisf

.text.ADC_Read  0x000000000000062e       0x74
 .text.ADC_Read
                0x000000000000062e       0x74 MCAL/ADC/ADC_Interface.o
                0x000000000000062e                ADC_Read

.text.DC_Initialize
                0x00000000000006a2       0x50
 .text.DC_Initialize
                0x00000000000006a2       0x50 HAL/IO/Motors/DC/DC_Interface.o
                0x00000000000006a2                DC_Initialize

.text.DC_Stop   0x00000000000006f2       0x4a
 .text.DC_Stop  0x00000000000006f2       0x4a HAL/IO/Motors/DC/DC_Interface.o
                0x00000000000006f2                DC_Stop

.text.UART_Receive_Word
                0x000000000000073c       0x4a
 .text.UART_Receive_Word
                0x000000000000073c       0x4a MCAL/UART/UART_Interface.o
                0x000000000000073c                UART_Receive_Word

.text           0x0000000000000786       0x48
 .text          0x0000000000000786       0x48 c:/program files/microchip/xc8/v2.36/avr/bin/../lib/gcc/avr/5.4.0/../../../../avr/lib/avr5/memx-const\libm.a(fp_cmp.o)
                0x0000000000000786                __fp_cmp

.text.libgcc.div
                0x00000000000007ce       0x44
 .text.libgcc.div
                0x00000000000007ce       0x44 c:/program files/microchip/xc8/v2.36/avr/bin/../lib/gcc/avr/5.4.0/avr5/memx-const\libgcc.a(_udivmodsi4.o)
                0x00000000000007ce                __udivmodsi4

.text.libgcc.div
                0x0000000000000812       0x2e
 .text.libgcc.div
                0x0000000000000812       0x2e c:/program files/microchip/xc8/v2.36/avr/bin/../lib/gcc/avr/5.4.0/avr5/memx-const\libgcc.a(_divmodsi4.o)
                0x0000000000000812                __divmodsi4

.text.libgcc.div
                0x0000000000000840       0x28
 .text.libgcc.div
                0x0000000000000840       0x28 c:/program files/microchip/xc8/v2.36/avr/bin/../lib/gcc/avr/5.4.0/avr5/memx-const\libgcc.a(_udivmodhi4.o)
                0x0000000000000840                __udivmodhi4

.text.UART_Transmit_Speed
                0x0000000000000868       0x1e
 .text.UART_Transmit_Speed
                0x0000000000000868       0x1e APP/APP.o
                0x0000000000000868                UART_Transmit_Speed

.text.UART_Receive_Character
                0x0000000000000886       0x18
 .text.UART_Receive_Character
                0x0000000000000886       0x18 MCAL/UART/UART_Interface.o
                0x0000000000000886                UART_Receive_Character

.text.exit      0x000000000000089e       0x16
 .text.exit     0x000000000000089e       0x16 c:/program files/microchip/xc8/v2.36/avr/bin/../lib/gcc/avr/5.4.0/../../../../avr/lib/avr5/memx-const\libc.a(exit.o)
                0x000000000000089e                exit

.text.libgcc.div
                0x00000000000008b4       0x10
 .text.libgcc.div
                0x00000000000008b4       0x10 c:/program files/microchip/xc8/v2.36/avr/bin/../lib/gcc/avr/5.4.0/avr5/memx-const\libgcc.a(_negsi2.o)
                0x00000000000008b4                __negsi2

.text.ADC_Initialize
                0x00000000000008c4        0xe
 .text.ADC_Initialize
                0x00000000000008c4        0xe MCAL/ADC/ADC_Interface.o
                0x00000000000008c4                ADC_Initialize

.text.LED1_Initialize
                0x00000000000008d2        0xc
 .text.LED1_Initialize
                0x00000000000008d2        0xc HAL/IO/LED/LED1/LED1_Interface.o
                0x00000000000008d2                LED1_Initialize

.text.LED1_ON   0x00000000000008de        0xc
 .text.LED1_ON  0x00000000000008de        0xc HAL/IO/LED/LED1/LED1_Interface.o
                0x00000000000008de                LED1_ON

.text.LED1_OFF  0x00000000000008ea        0xc
 .text.LED1_OFF
                0x00000000000008ea        0xc HAL/IO/LED/LED1/LED1_Interface.o
                0x00000000000008ea                LED1_OFF

.text.LED2_Initialize
                0x00000000000008f6        0xc
 .text.LED2_Initialize
                0x00000000000008f6        0xc HAL/IO/LED/LED2/LED2_Interface.o
                0x00000000000008f6                LED2_Initialize

.text.LED2_ON   0x0000000000000902        0xc
 .text.LED2_ON  0x0000000000000902        0xc HAL/IO/LED/LED2/LED2_Interface.o
                0x0000000000000902                LED2_ON

.text.LED2_OFF  0x000000000000090e        0xc
 .text.LED2_OFF
                0x000000000000090e        0xc HAL/IO/LED/LED2/LED2_Interface.o
                0x000000000000090e                LED2_OFF

.text.LED3_Initialize
                0x000000000000091a        0xc
 .text.LED3_Initialize
                0x000000000000091a        0xc HAL/IO/LED/LED3/LED3_Interface.o
                0x000000000000091a                LED3_Initialize

.text.LED3_ON   0x0000000000000926        0xc
 .text.LED3_ON  0x0000000000000926        0xc HAL/IO/LED/LED3/LED3_Interface.o
                0x0000000000000926                LED3_ON

.text.LED3_OFF  0x0000000000000932        0xc
 .text.LED3_OFF
                0x0000000000000932        0xc HAL/IO/LED/LED3/LED3_Interface.o
                0x0000000000000932                LED3_OFF

.text.libgcc    0x000000000000093e        0xc
 .text.libgcc   0x000000000000093e        0xc c:/program files/microchip/xc8/v2.36/avr/bin/../lib/gcc/avr/5.4.0/avr5/memx-const\libgcc.a(_tablejump2.o)
                0x000000000000093e                __tablejump2__

.text.UART_Transmit_Character
                0x000000000000094a        0xa
 .text.UART_Transmit_Character
                0x000000000000094a        0xa MCAL/UART/UART_Interface.o
                0x000000000000094a                UART_Transmit_Character

.text.Reassemble_uint16
                0x0000000000000954        0xa
 .text.Reassemble_uint16
                0x0000000000000954        0xa MCAL/UART/UART_Interface.o
                0x0000000000000954                Reassemble_uint16

.text           0x000000000000095e        0xa
 .text          0x000000000000095e        0xa c:/program files/microchip/xc8/v2.36/avr/bin/../lib/gcc/avr/5.4.0/../../../../avr/lib/avr5/memx-const\libm.a(cmpsf2.o)
                0x000000000000095e                __nesf2
                0x000000000000095e                __eqsf2
                0x000000000000095e                __cmpsf2
                0x000000000000095e                __ltsf2
                0x000000000000095e                __lesf2

.text           0x0000000000000968        0xa
 .text          0x0000000000000968        0xa c:/program files/microchip/xc8/v2.36/avr/bin/../lib/gcc/avr/5.4.0/../../../../avr/lib/avr5/memx-const\libm.a(gesf2.o)
                0x0000000000000968                __gesf2
                0x0000000000000968                __gtsf2

.text           0x0000000000000972        0x4
 .text          0x0000000000000972        0x4 C:/Program Files (x86)/Atmel/Studio/7.0/Packs/atmel/ATmega_DFP/1.7.374/xc8/avr/lib/avr5/memx-const/crtatmega32.o
                0x0000000000000972                __vector_1
                0x0000000000000972                __vector_12
                0x0000000000000972                __bad_interrupt
                0x0000000000000972                __vector_6
                0x0000000000000972                __vector_3
                0x0000000000000972                __vector_11
                0x0000000000000972                __vector_13
                0x0000000000000972                __vector_17
                0x0000000000000972                __vector_19
                0x0000000000000972                __vector_7
                0x0000000000000972                __vector_5
                0x0000000000000972                __vector_4
                0x0000000000000972                __vector_9
                0x0000000000000972                __vector_2
                0x0000000000000972                __vector_15
                0x0000000000000972                __vector_8
                0x0000000000000972                __vector_14
                0x0000000000000972                __vector_10
                0x0000000000000972                __vector_16
                0x0000000000000972                __vector_18
                0x0000000000000972                __vector_20

.text._Exit     0x0000000000000976        0x4
 .text._Exit    0x0000000000000976        0x4 c:/program files/microchip/xc8/v2.36/avr/bin/../lib/gcc/avr/5.4.0/../../../../avr/lib/avr5/memx-const\libc.a(_Exit.o)
                0x0000000000000976                _Exit

.text.__dummy_fini
                0x000000000000097a        0x2
 .text.__dummy_fini
                0x000000000000097a        0x2 c:/program files/microchip/xc8/v2.36/avr/bin/../lib/gcc/avr/5.4.0/../../../../avr/lib/avr5/memx-const\libc.a(exit.o)
                0x000000000000097a                _fini

.text.__dummy_funcs_on_exit
                0x000000000000097c        0x2
 .text.__dummy_funcs_on_exit
                0x000000000000097c        0x2 c:/program files/microchip/xc8/v2.36/avr/bin/../lib/gcc/avr/5.4.0/../../../../avr/lib/avr5/memx-const\libc.a(exit.o)
                0x000000000000097c                __funcs_on_exit

.text.__dummy_simulator_exit
                0x000000000000097e        0x2
 .text.__dummy_simulator_exit
                0x000000000000097e        0x2 c:/program files/microchip/xc8/v2.36/avr/bin/../lib/gcc/avr/5.4.0/../../../../avr/lib/avr5/memx-const\libc.a(exit.o)
                0x000000000000097e                __simulator_exit
